Archive member included to satisfy reference by file (symbol)

c:/program files (x86)/atmel/studio/7.0/toolchain/arm/arm-gnu-toolchain/bin/../lib/gcc/arm-none-eabi/6.3.1/thumb/v6-m\libgcc.a(_divsi3.o)
                              buzzer.o (__aeabi_idiv)
c:/program files (x86)/atmel/studio/7.0/toolchain/arm/arm-gnu-toolchain/bin/../lib/gcc/arm-none-eabi/6.3.1/thumb/v6-m\libgcc.a(_dvmd_tls.o)
                              c:/program files (x86)/atmel/studio/7.0/toolchain/arm/arm-gnu-toolchain/bin/../lib/gcc/arm-none-eabi/6.3.1/thumb/v6-m\libgcc.a(_divsi3.o) (__aeabi_idiv0)
c:/program files (x86)/atmel/studio/7.0/toolchain/arm/arm-gnu-toolchain/bin/../lib/gcc/arm-none-eabi/6.3.1/thumb/v6-m\libgcc.a(adddf3.o)
                              Commands/commands.o (__aeabi_dadd)
c:/program files (x86)/atmel/studio/7.0/toolchain/arm/arm-gnu-toolchain/bin/../lib/gcc/arm-none-eabi/6.3.1/thumb/v6-m\libgcc.a(_clzsi2.o)
                              c:/program files (x86)/atmel/studio/7.0/toolchain/arm/arm-gnu-toolchain/bin/../lib/gcc/arm-none-eabi/6.3.1/thumb/v6-m\libgcc.a(adddf3.o) (__clzsi2)
c:/program files (x86)/atmel/studio/7.0/toolchain/arm/arm-gnu-toolchain/bin/../lib/gcc/arm-none-eabi/6.3.1/../../../../arm-none-eabi/lib/thumb/v6-m\libc.a(lib_a-exit.o)
                              c:/program files (x86)/atmel/studio/7.0/toolchain/arm/arm-gnu-toolchain/bin/../lib/gcc/arm-none-eabi/6.3.1/../../../../arm-none-eabi/lib/thumb/v6-m/crt0.o (exit)
c:/program files (x86)/atmel/studio/7.0/toolchain/arm/arm-gnu-toolchain/bin/../lib/gcc/arm-none-eabi/6.3.1/../../../../arm-none-eabi/lib/thumb/v6-m\libc.a(lib_a-impure.o)
                              c:/program files (x86)/atmel/studio/7.0/toolchain/arm/arm-gnu-toolchain/bin/../lib/gcc/arm-none-eabi/6.3.1/../../../../arm-none-eabi/lib/thumb/v6-m\libc.a(lib_a-exit.o) (_global_impure_ptr)
c:/program files (x86)/atmel/studio/7.0/toolchain/arm/arm-gnu-toolchain/bin/../lib/gcc/arm-none-eabi/6.3.1/../../../../arm-none-eabi/lib/thumb/v6-m\libc.a(lib_a-init.o)
                              c:/program files (x86)/atmel/studio/7.0/toolchain/arm/arm-gnu-toolchain/bin/../lib/gcc/arm-none-eabi/6.3.1/../../../../arm-none-eabi/lib/thumb/v6-m/crt0.o (__libc_init_array)
c:/program files (x86)/atmel/studio/7.0/toolchain/arm/arm-gnu-toolchain/bin/../lib/gcc/arm-none-eabi/6.3.1/../../../../arm-none-eabi/lib/thumb/v6-m\libc.a(lib_a-memcpy-stub.o)
                              DMA.o (memcpy)
c:/program files (x86)/atmel/studio/7.0/toolchain/arm/arm-gnu-toolchain/bin/../lib/gcc/arm-none-eabi/6.3.1/../../../../arm-none-eabi/lib/thumb/v6-m\libc.a(lib_a-memset.o)
                              c:/program files (x86)/atmel/studio/7.0/toolchain/arm/arm-gnu-toolchain/bin/../lib/gcc/arm-none-eabi/6.3.1/../../../../arm-none-eabi/lib/thumb/v6-m/crt0.o (memset)
c:/program files (x86)/atmel/studio/7.0/toolchain/arm/arm-gnu-toolchain/bin/../lib/gcc/arm-none-eabi/6.3.1/../../../../arm-none-eabi/lib/thumb/v6-m\libc.a(lib_a-__call_atexit.o)
                              c:/program files (x86)/atmel/studio/7.0/toolchain/arm/arm-gnu-toolchain/bin/../lib/gcc/arm-none-eabi/6.3.1/../../../../arm-none-eabi/lib/thumb/v6-m\libc.a(lib_a-exit.o) (__call_exitprocs)
c:/program files (x86)/atmel/studio/7.0/toolchain/arm/arm-gnu-toolchain/bin/../lib/gcc/arm-none-eabi/6.3.1/../../../../arm-none-eabi/lib/thumb/v6-m\libc.a(lib_a-atexit.o)
                              c:/program files (x86)/atmel/studio/7.0/toolchain/arm/arm-gnu-toolchain/bin/../lib/gcc/arm-none-eabi/6.3.1/../../../../arm-none-eabi/lib/thumb/v6-m\libc.a(lib_a-__call_atexit.o) (atexit)
c:/program files (x86)/atmel/studio/7.0/toolchain/arm/arm-gnu-toolchain/bin/../lib/gcc/arm-none-eabi/6.3.1/../../../../arm-none-eabi/lib/thumb/v6-m\libc.a(lib_a-fini.o)
                              c:/program files (x86)/atmel/studio/7.0/toolchain/arm/arm-gnu-toolchain/bin/../lib/gcc/arm-none-eabi/6.3.1/../../../../arm-none-eabi/lib/thumb/v6-m\libc.a(lib_a-__call_atexit.o) (__libc_fini_array)
c:/program files (x86)/atmel/studio/7.0/toolchain/arm/arm-gnu-toolchain/bin/../lib/gcc/arm-none-eabi/6.3.1/../../../../arm-none-eabi/lib/thumb/v6-m\libc.a(lib_a-lock.o)
                              c:/program files (x86)/atmel/studio/7.0/toolchain/arm/arm-gnu-toolchain/bin/../lib/gcc/arm-none-eabi/6.3.1/../../../../arm-none-eabi/lib/thumb/v6-m\libc.a(lib_a-__call_atexit.o) (__retarget_lock_acquire_recursive)
c:/program files (x86)/atmel/studio/7.0/toolchain/arm/arm-gnu-toolchain/bin/../lib/gcc/arm-none-eabi/6.3.1/../../../../arm-none-eabi/lib/thumb/v6-m\libc.a(lib_a-__atexit.o)
                              c:/program files (x86)/atmel/studio/7.0/toolchain/arm/arm-gnu-toolchain/bin/../lib/gcc/arm-none-eabi/6.3.1/../../../../arm-none-eabi/lib/thumb/v6-m\libc.a(lib_a-atexit.o) (__register_exitproc)

Allocating common symbols
Common symbol       size              file

cmd_pi              0x4               keymap.o
cmd_1               0x4               keymap.o
[...]
Memory Configuration

Name             Origin             Length             Attributes
rom              0x00000000         0x00020000         xr
ram              0x20000000         0x00004000         xrw
*default*        0x00000000         0xffffffff

Linker script and memory map

LOAD c:/program files (x86)/atmel/studio/7.0/toolchain/arm/arm-gnu-toolchain/bin/../lib/gcc/arm-none-eabi/6.3.1/thumb/v6-m/crti.o
LOAD c:/program files (x86)/atmel/studio/7.0/toolchain/arm/arm-gnu-toolchain/bin/../lib/gcc/arm-none-eabi/6.3.1/thumb/v6-m/crtbegin.o
LOAD c:/program files (x86)/atmel/studio/7.0/toolchain/arm/arm-gnu-toolchain/bin/../lib/gcc/arm-none-eabi/6.3.1/../../../../arm-none-eabi/lib/thumb/v6-m/crt0.o
LOAD buzzer.o
LOAD clocks.o
LOAD colors.o
LOAD Commands/commands.o
LOAD Device_Startup/startup_samd21.o
LOAD Device_Startup/system_samd21.o
LOAD DMA.o
LOAD gpio.o
LOAD keymap.o
LOAD keypad.o
LOAD main.o
LOAD NeoPixel.o
LOAD NXDisplay.o
LOAD SPI.o
LOAD SSDisplay.o
START GROUP
LOAD c:/program files (x86)/atmel/studio/7.0/toolchain/arm/arm-gnu-toolchain/bin/../lib/gcc/arm-none-eabi/6.3.1/../../../../arm-none-eabi/lib/thumb/v6-m\libm.a
END GROUP
START GROUP
LOAD c:/program files (x86)/atmel/studio/7.0/toolchain/arm/arm-gnu-toolchain/bin/../lib/gcc/arm-none-eabi/6.3.1/thumb/v6-m\libgcc.a
LOAD c:/program files (x86)/atmel/studio/7.0/toolchain/arm/arm-gnu-toolchain/bin/../lib/gcc/arm-none-eabi/6.3.1/../../../../arm-none-eabi/lib/thumb/v6-m\libc.a
END GROUP
LOAD c:/program files (x86)/atmel/studio/7.0/toolchain/arm/arm-gnu-toolchain/bin/../lib/gcc/arm-none-eabi/6.3.1/thumb/v6-m/crtend.o
LOAD c:/program files (x86)/atmel/studio/7.0/toolchain/arm/arm-gnu-toolchain/bin/../lib/gcc/arm-none-eabi/6.3.1/thumb/v6-m/crtn.o
                0x00001000                STACK_SIZE = DEFINED (STACK_SIZE)?STACK_SIZE:DEFINED (__stack_size__)?__stack_size__:0x1000

.text           0x00000000     0x2a60
                0x00000000                . = ALIGN (0x4)
                0x00000000                _sfixed = .
 *(.vectors .vectors.*)
 .vectors       0x00000000       0xb8 Device_Startup/startup_samd21.o
                0x00000000                exception_table
 *(.text .text.* .gnu.linkonce.t.*)
 .text          0x000000b8       0x60 c:/program files (x86)/atmel/studio/7.0/toolchain/arm/arm-gnu-toolchain/bin/../lib/gcc/arm-none-eabi/6.3.1/thumb/v6-m/crtbegin.o
 .text.buzzer_init
                0x00000118       0x80 buzzer.o
                0x00000118                buzzer_init
 .text.buzzer_tone_start
                0x00000198       0x44 buzzer.o
                0x00000198                buzzer_tone_start
 .text.buzzer_tick
                0x000001dc       0x30 buzzer.o
                0x000001dc                buzzer_tick
 .text.ClocksInit
                0x0000020c      0x110 clocks.o
                0x0000020c                ClocksInit
 .text.binary_op_availableQ
                0x0000031c        0x4 Commands/commands.o
 .text.unary_op_availableQ
                0x00000320        0x4 Commands/commands.o
 .text.available_always
                0x00000324        0x4 Commands/commands.o
 .text.cmd_re_im_func
                0x00000328       0x2e Commands/commands.o
 .text.cmd_rec_pol_func
                0x00000356       0x2e Commands/commands.o
 .text.cmd_reint_drg_func
                0x00000384       0x2e Commands/commands.o
 *fill*         0x000003b2        0x2 
 .text.cmd_add_func
                0x000003b4       0x38 Commands/commands.o
 .text.Dummy_Handler
                0x000003ec        0x2 Device_Startup/startup_samd21.o
                0x000003ec                SVCall_Handler
                0x000003ec                HardFault_Handler
                0x000003ec                AC_Handler
                0x000003ec                PendSV_Handler
                0x000003ec                TC7_Handler
                0x000003ec                SERCOM1_Handler
                0x000003ec                ADC_Handler
                0x000003ec                NonMaskableInt_Handler
                0x000003ec                TCC1_Handler
                0x000003ec                SERCOM2_Handler
                0x000003ec                TCC0_Handler
                0x000003ec                RTC_Handler
                0x000003ec                EIC_Handler
                0x000003ec                TC6_Handler
                0x000003ec                WDT_Handler
                0x000003ec                TC4_Handler
                0x000003ec                USB_Handler
                0x000003ec                TC3_Handler
                0x000003ec                Dummy_Handler
                0x000003ec                PM_Handler
                0x000003ec                SERCOM5_Handler
                0x000003ec                TCC3_Handler
                0x000003ec                TCC2_Handler
                0x000003ec                EVSYS_Handler
                0x000003ec                SERCOM3_Handler
                0x000003ec                SERCOM4_Handler
                0x000003ec                I2S_Handler
                0x000003ec                NVMCTRL_Handler
                0x000003ec                SERCOM0_Handler
                0x000003ec                DAC_Handler
                0x000003ec                PTC_Handler
                0x000003ec                TC5_Handler
                0x000003ec                SYSCTRL_Handler
 *fill*         0x000003ee        0x2 
 .text.Reset_Handler
                0x000003f0       0xc4 Device_Startup/startup_samd21.o
                0x000003f0                Reset_Handler
 .text.DMA_init
                0x000004b4       0x64 DMA.o
                0x000004b4                DMA_init
 .text.DMA_add_channel
                0x00000518       0x9c DMA.o
                0x00000518                DMA_add_channel
 .text.DMA_enable
                0x000005b4       0x10 DMA.o
                0x000005b4                DMA_enable
 .text.DMAC_Handler
                0x000005c4       0x5c DMA.o
                0x000005c4                DMAC_Handler
 .text.gpio_set_pin
                0x00000620       0x4c gpio.o
                0x00000620                gpio_set_pin
 .text.gpio_set_pin_dir
                0x0000066c       0x9c gpio.o
                0x0000066c                gpio_set_pin_dir
 .text.gpio_set_pin_drvstr
                0x00000708       0x28 gpio.o
                0x00000708                gpio_set_pin_drvstr
 .text.gpio_set_pin_pull
                0x00000730       0x64 gpio.o
                0x00000730                gpio_set_pin_pull
 .text.gpio_read_pin
                0x00000794       0x34 gpio.o
                0x00000794                gpio_read_pin
 .text.re_im_key_color
                0x000007c8       0xa8 keymap.o
 .text.drg_key_color
                0x00000870       0x6c keymap.o
 .text.shift_key_color
                0x000008dc       0x64 keymap.o
 .text.hyp_key_color
                0x00000940       0x64 keymap.o
 .text.build_keymap
                0x000009a4      0x5e8 keymap.o
                0x000009a4                build_keymap
 .text.keypad_scan_keys
                0x00000f8c      0x110 keypad.o
                0x00000f8c                keypad_scan_keys
 .text.keypad_init
                0x0000109c       0x70 keypad.o
                0x0000109c                keypad_init
 .text.SysTick_Handler
                0x0000110c       0x5c main.o
                0x0000110c                SysTick_Handler
 .text.GpioInit
                0x00001168       0x38 main.o
                0x00001168                GpioInit
 .text.enable_pwr
                0x000011a0       0x14 main.o
                0x000011a0                enable_pwr
 .text.LvPeripheralsInit
                0x000011b4       0x30 main.o
                0x000011b4                LvPeripheralsInit
 .text.normal_keypad_lighting
                0x000011e4      0x1a4 main.o
                0x000011e4                normal_keypad_lighting
 .text.process_keypress
                0x00001388      0x114 main.o
                0x00001388                process_keypress
 .text.exec_cmd
                0x0000149c       0x50 main.o
                0x0000149c                exec_cmd
 .text.main     0x000014ec       0xe8 main.o
                0x000014ec                main
 .text.NeoPixel_set_pixel
                0x000015d4       0x1c NeoPixel.o
                0x000015d4                NeoPixel_set_pixel
 .text.NeoPixel_clear_pixels
                0x000015f0       0x18 NeoPixel.o
                0x000015f0                NeoPixel_clear_pixels
 .text.NeoPixel_init
                0x00001608       0xbc NeoPixel.o
                0x00001608                NeoPixel_init
 .text.NeoPixel_update
                0x000016c4       0x3c NeoPixel.o
                0x000016c4                NeoPixel_update
 .text.ws2812_SPI_init
                0x00001700       0xac SPI.o
                0x00001700                ws2812_SPI_init
 .text.SSD_updateDisp
                0x000017ac      0x12c SSDisplay.o
                0x000017ac                SSD_updateDisp
 .text.SSDgpioInit
                0x000018d8       0xb0 SSDisplay.o
                0x000018d8                SSDgpioInit
 .text.SSD_init
                0x00001988       0x30 SSDisplay.o
                0x00001988                SSD_init
 .text          0x000019b8      0x1d4 c:/program files (x86)/atmel/studio/7.0/toolchain/arm/arm-gnu-toolchain/bin/../lib/gcc/arm-none-eabi/6.3.1/thumb/v6-m\libgcc.a(_divsi3.o)
                0x000019b8                __divsi3
                0x000019b8                __aeabi_idiv
                0x00001b84                __aeabi_idivmod
 .text          0x00001b8c        0x4 c:/program files (x86)/atmel/studio/7.0/toolchain/arm/arm-gnu-toolchain/bin/../lib/gcc/arm-none-eabi/6.3.1/thumb/v6-m\libgcc.a(_dvmd_tls.o)
                0x00001b8c                __aeabi_idiv0
                0x00001b8c                __aeabi_ldiv0
 .text          0x00001b90      0x620 c:/program files (x86)/atmel/studio/7.0/toolchain/arm/arm-gnu-toolchain/bin/../lib/gcc/arm-none-eabi/6.3.1/thumb/v6-m\libgcc.a(adddf3.o)
                0x00001b90                __aeabi_dadd
 .text          0x000021b0       0x3c c:/program files (x86)/atmel/studio/7.0/toolchain/arm/arm-gnu-toolchain/bin/../lib/gcc/arm-none-eabi/6.3.1/thumb/v6-m\libgcc.a(_clzsi2.o)
                0x000021b0                __clzsi2
 .text.__libc_init_array
                0x000021ec       0x48 c:/program files (x86)/atmel/studio/7.0/toolchain/arm/arm-gnu-toolchain/bin/../lib/gcc/arm-none-eabi/6.3.1/../../../../arm-none-eabi/lib/thumb/v6-m\libc.a(lib_a-init.o)
                0x000021ec                __libc_init_array
 .text.memcpy   0x00002234       0x84 c:/program files (x86)/atmel/studio/7.0/toolchain/arm/arm-gnu-toolchain/bin/../lib/gcc/arm-none-eabi/6.3.1/../../../../arm-none-eabi/lib/thumb/v6-m\libc.a(lib_a-memcpy-stub.o)
                0x00002234                memcpy
 .text.memset   0x000022b8       0x94 c:/program files (x86)/atmel/studio/7.0/toolchain/arm/arm-gnu-toolchain/bin/../lib/gcc/arm-none-eabi/6.3.1/../../../../arm-none-eabi/lib/thumb/v6-m\libc.a(lib_a-memset.o)
                0x000022b8                memset
 .text.startup.register_fini
                0x0000234c       0x18 c:/program files (x86)/atmel/studio/7.0/toolchain/arm/arm-gnu-toolchain/bin/../lib/gcc/arm-none-eabi/6.3.1/../../../../arm-none-eabi/lib/thumb/v6-m\libc.a(lib_a-__call_atexit.o)
 .text.atexit   0x00002364       0x10 c:/program files (x86)/atmel/studio/7.0/toolchain/arm/arm-gnu-toolchain/bin/../lib/gcc/arm-none-eabi/6.3.1/../../../../arm-none-eabi/lib/thumb/v6-m\libc.a(lib_a-atexit.o)
                0x00002364                atexit
 .text.__libc_fini_array
                0x00002374       0x34 c:/program files (x86)/atmel/studio/7.0/toolchain/arm/arm-gnu-toolchain/bin/../lib/gcc/arm-none-eabi/6.3.1/../../../../arm-none-eabi/lib/thumb/v6-m\libc.a(lib_a-fini.o)
                0x00002374                __libc_fini_array
 .text.__retarget_lock_acquire_recursive
                0x000023a8        0x4 c:/program files (x86)/atmel/studio/7.0/toolchain/arm/arm-gnu-toolchain/bin/../lib/gcc/arm-none-eabi/6.3.1/../../../../arm-none-eabi/lib/thumb/v6-m\libc.a(lib_a-lock.o)
                0x000023a8                __retarget_lock_acquire_recursive
 .text.__retarget_lock_release_recursive
                0x000023ac        0x4 c:/program files (x86)/atmel/studio/7.0/toolchain/arm/arm-gnu-toolchain/bin/../lib/gcc/arm-none-eabi/6.3.1/../../../../arm-none-eabi/lib/thumb/v6-m\libc.a(lib_a-lock.o)
                0x000023ac                __retarget_lock_release_recursive
 .text.__register_exitproc
                0x000023b0       0xf4 c:/program files (x86)/atmel/studio/7.0/toolchain/arm/arm-gnu-toolchain/bin/../lib/gcc/arm-none-eabi/6.3.1/../../../../arm-none-eabi/lib/thumb/v6-m\libc.a(lib_a-__atexit.o)
                0x000023b0                __register_exitproc
 *(.glue_7t)
 .glue_7t       0x000024a4        0x0 linker stubs
 *(.glue_7)
 .glue_7        0x000024a4        0x0 linker stubs
 *(.rodata .rodata* .gnu.linkonce.r.*)
 .rodata        0x000024a4       0x3f colors.o
                0x000024a4                color_drg_g
                0x000024a8                color_drg_r
                0x000024ac                color_drg_d
                0x000024b0                color_cplx_theta
                0x000024b4                color_cplx_r
                0x000024b8                color_cplx_im
                0x000024bc                color_cplx_re
                0x000024c0                color_shift_hyp_unavail
                0x000024c4                color_hyp_unavail
                0x000024c8                color_shift_unavail
                0x000024cc                color_normal_unavail
                0x000024d0                color_shift_hyp
                0x000024d4                color_hyp
                0x000024d8                color_shift
                0x000024dc                color_normal
                0x000024e0                color_off
 *fill*         0x000024e3        0x1 
 .rodata        0x000024e4       0x28 Commands/commands.o
                0x000024e4                cmd_asinh
                0x000024e8                cmd_asin
                0x000024ec                cmd_sinh
                0x000024f0                cmd_sin
                0x000024f4                cmd_mul
                0x000024f8                cmd_sub
                0x000024fc                cmd_add
                0x00002500                cmd_drg_reint
                0x00002504                cmd_rec_pol
                0x00002508                cmd_re_im
 .rodata        0x0000250c       0xc4 keymap.o
 .rodata        0x000025d0       0x68 keypad.o
                0x000025d0                colPorts
                0x000025f0                colPins
                0x00002610                rowPorts
                0x00002624                rowPins
 .rodata        0x00002638      0x400 NeoPixel.o
 .rodata._global_impure_ptr
                0x00002a38        0x4 c:/program files (x86)/atmel/studio/7.0/toolchain/arm/arm-gnu-toolchain/bin/../lib/gcc/arm-none-eabi/6.3.1/../../../../arm-none-eabi/lib/thumb/v6-m\libc.a(lib_a-impure.o)
                0x00002a38                _global_impure_ptr
 *(.ARM.extab* .gnu.linkonce.armextab.*)
                0x00002a3c                . = ALIGN (0x4)
 *(.init)
 .init          0x00002a3c        0x4 c:/program files (x86)/atmel/studio/7.0/toolchain/arm/arm-gnu-toolchain/bin/../lib/gcc/arm-none-eabi/6.3.1/thumb/v6-m/crti.o
                0x00002a3c                _init
 .init          0x00002a40        0x8 c:/program files (x86)/atmel/studio/7.0/toolchain/arm/arm-gnu-toolchain/bin/../lib/gcc/arm-none-eabi/6.3.1/thumb/v6-m/crtn.o
                0x00002a48                . = ALIGN (0x4)
                0x00002a48                __preinit_array_start = .
 *(.preinit_array)
                0x00002a48                __preinit_array_end = .
                0x00002a48                . = ALIGN (0x4)
                0x00002a48                __init_array_start = .
 *(SORT(.init_array.*))
 .init_array.00000
                0x00002a48        0x4 c:/program files (x86)/atmel/studio/7.0/toolchain/arm/arm-gnu-toolchain/bin/../lib/gcc/arm-none-eabi/6.3.1/../../../../arm-none-eabi/lib/thumb/v6-m\libc.a(lib_a-__call_atexit.o)
 *(.init_array)
 .init_array    0x00002a4c        0x4 c:/program files (x86)/atmel/studio/7.0/toolchain/arm/arm-gnu-toolchain/bin/../lib/gcc/arm-none-eabi/6.3.1/thumb/v6-m/crtbegin.o
                0x00002a50                __init_array_end = .
                0x00002a50                . = ALIGN (0x4)
 *crtbegin.o(.ctors)
 *(EXCLUDE_FILE(*crtend.o) .ctors)
 *(SORT(.ctors.*))
 *crtend.o(.ctors)
                0x00002a50                . = ALIGN (0x4)
 *(.fini)
 .fini          0x00002a50        0x4 c:/program files (x86)/atmel/studio/7.0/toolchain/arm/arm-gnu-toolchain/bin/../lib/gcc/arm-none-eabi/6.3.1/thumb/v6-m/crti.o
                0x00002a50                _fini
 .fini          0x00002a54        0x8 c:/program files (x86)/atmel/studio/7.0/toolchain/arm/arm-gnu-toolchain/bin/../lib/gcc/arm-none-eabi/6.3.1/thumb/v6-m/crtn.o
                0x00002a5c                . = ALIGN (0x4)
                0x00002a5c                __fini_array_start = .
 *(.fini_array)
 .fini_array    0x00002a5c        0x4 c:/program files (x86)/atmel/studio/7.0/toolchain/arm/arm-gnu-toolchain/bin/../lib/gcc/arm-none-eabi/6.3.1/thumb/v6-m/crtbegin.o
 *(SORT(.fini_array.*))
                0x00002a60                __fini_array_end = .
 *crtbegin.o(.dtors)
 *(EXCLUDE_FILE(*crtend.o) .dtors)
 *(SORT(.dtors.*))
 *crtend.o(.dtors)
                0x00002a60                . = ALIGN (0x4)
                0x00002a60                _efixed = .
                [!provide]                PROVIDE (__exidx_start, .)

.vfp11_veneer   0x00002a60        0x0
 .vfp11_veneer  0x00002a60        0x0 linker stubs

.v4_bx          0x00002a60        0x0
 .v4_bx         0x00002a60        0x0 linker stubs

.iplt           0x00002a60        0x0
 .iplt          0x00002a60        0x0 c:/program files (x86)/atmel/studio/7.0/toolchain/arm/arm-gnu-toolchain/bin/../lib/gcc/arm-none-eabi/6.3.1/thumb/v6-m/crtbegin.o

.eh_frame       0x00002a60        0x0
 .eh_frame      0x00002a60        0x0 c:/program files (x86)/atmel/studio/7.0/toolchain/arm/arm-gnu-toolchain/bin/../lib/gcc/arm-none-eabi/6.3.1/thumb/v6-m/crtbegin.o

.rel.dyn        0x00002a60        0x0
 .rel.iplt      0x00002a60        0x0 c:/program files (x86)/atmel/studio/7.0/toolchain/arm/arm-gnu-toolchain/bin/../lib/gcc/arm-none-eabi/6.3.1/thumb/v6-m/crtbegin.o

.jcr            0x00002a60        0x0
 .jcr           0x00002a60        0x0 c:/program files (x86)/atmel/studio/7.0/toolchain/arm/arm-gnu-toolchain/bin/../lib/gcc/arm-none-eabi/6.3.1/thumb/v6-m/crtbegin.o

.igot.plt       0x00002a60        0x0
 .igot.plt      0x00002a60        0x0 c:/program files (x86)/atmel/studio/7.0/toolchain/arm/arm-gnu-toolchain/bin/../lib/gcc/arm-none-eabi/6.3.1/thumb/v6-m/crtbegin.o

.ARM.exidx
 *(.ARM.exidx* .gnu.linkonce.armexidx.*)
                [!provide]                PROVIDE (__exidx_end, .)
                0x00002a60                . = ALIGN (0x4)
                0x00002a60                _etext = .

.relocate       0x20000000      0x4ec load address 0x00002a60
                0x20000000                . = ALIGN (0x4)
                0x20000000                _srelocate = .
 *(.ramfunc .ramfunc.*)
 *(.data .data.*)
 .data          0x20000000       0xa0 Commands/commands.o
 .data          0x200000a0       0x20 main.o
                0x200000a0                sys_state
                0x200000b8                tone_bad_duration
                0x200000ba                tone_bad_freq
                0x200000bc                tone_good_duration
                0x200000be                tone_good_freq
 .data.impure_data
                0x200000c0      0x428 c:/program files (x86)/atmel/studio/7.0/toolchain/arm/arm-gnu-toolchain/bin/../lib/gcc/arm-none-eabi/6.3.1/../../../../arm-none-eabi/lib/thumb/v6-m\libc.a(lib_a-impure.o)
 .data.__atexit_recursive_mutex
                0x200004e8        0x4 c:/program files (x86)/atmel/studio/7.0/toolchain/arm/arm-gnu-toolchain/bin/../lib/gcc/arm-none-eabi/6.3.1/../../../../arm-none-eabi/lib/thumb/v6-m\libc.a(lib_a-__call_atexit.o)
                0x200004e8                __atexit_recursive_mutex
                0x200004ec                . = ALIGN (0x4)
                0x200004ec                _erelocate = .

.bss            0x200004f0      0xa64 load address 0x00002f50
                0x200004f0                . = ALIGN (0x4)
                0x200004f0                _sbss = .
                0x200004f0                _szero = .
 *(.bss .bss.*)
 .bss           0x200004f0       0x1c c:/program files (x86)/atmel/studio/7.0/toolchain/arm/arm-gnu-toolchain/bin/../lib/gcc/arm-none-eabi/6.3.1/thumb/v6-m/crtbegin.o
 .bss           0x2000050c        0x6 buzzer.o
 *fill*         0x20000512        0xe 
 .bss           0x20000520       0x58 DMA.o
                0x20000574                dma_frame
 .bss           0x20000578       0x10 keypad.o
                0x20000578                keypad_inst
 .bss           0x20000588      0x298 main.o
                0x20000598                calc_state
 .bss           0x20000820      0x1e7 NeoPixel.o
 *fill*         0x20000a07        0x1 
 .bss           0x20000a08        0x4 SSDisplay.o
 *(COMMON)
 COMMON         0x20000a0c      0x4f4 keymap.o
                0x20000a0c                cmd_pi
                0x20000a10                cmd_1
                0x20000a14                cmd_root
                0x20000a18                cmd_cosh
                0x20000a1c                cmd_alog
                0x20000a20                cmd_i
                0x20000a24                cmd_e
                0x20000a28                cmd_8
                0x20000a2c                cmd_exp
                0x20000a30                cmd_acos
                0x20000a34                cmd_ln
                0x20000a38                cmd_decimal
                0x20000a3c                cmd_4
                0x20000a40                cmd_cos
                0x20000a44                cmd_7
                0x20000a48                cmd_acosh
                0x20000a4c                cmd_log
                0x20000a50                cmd_atanh
                0x20000a54                cmd_pow
                0x20000a58                keypad_map
                0x20000eb8                cmd_parallel
                0x20000ebc                cmd_chs
                0x20000ec0                cmd_2
                0x20000ec4                cmd_div
                0x20000ec8                cmd_6
                0x20000ecc                cmd_sqrt
                0x20000ed0                cmd_0
                0x20000ed4                cmd_drg_convert
                0x20000ed8                cmd_5
                0x20000edc                cmd_abs
                0x20000ee0                cmd_3
                0x20000ee4                cmd_atan
                0x20000ee8                cmd_sqr
                0x20000eec                cmd_phasor
                0x20000ef0                cmd_tan
                0x20000ef4                cmd_inv
                0x20000ef8                cmd_tanh
                0x20000efc                cmd_9
 COMMON         0x20000f00       0x30 main.o
                0x20000f00                io_devices
 COMMON         0x20000f30       0x21 c:/program files (x86)/atmel/studio/7.0/toolchain/arm/arm-gnu-toolchain/bin/../lib/gcc/arm-none-eabi/6.3.1/../../../../arm-none-eabi/lib/thumb/v6-m\libc.a(lib_a-lock.o)
                0x20000f30                __lock___atexit_recursive_mutex
                0x20000f34                __lock___arc4random_mutex
                0x20000f38                __lock___env_recursive_mutex
                0x20000f3c                __lock___sinit_recursive_mutex
                0x20000f40                __lock___malloc_recursive_mutex
                0x20000f44                __lock___at_quick_exit_mutex
                0x20000f48                __lock___dd_hash_mutex
                0x20000f4c                __lock___tz_mutex
                0x20000f50                __lock___sfp_recursive_mutex
                0x20000f54                . = ALIGN (0x4)
 *fill*         0x20000f51        0x3 
                0x20000f54                _ebss = .
                0x20000f54                _ezero = .

.stack          0x20000f54     0x1004 load address 0x000039b4
                0x20000f58                . = ALIGN (0x8)
 *fill*         0x20000f54        0x4 
                0x20000f58                _sstack = .
                0x20001f58                . = (. + STACK_SIZE)
 *fill*         0x20000f58     0x1000 
                0x20001f58                . = ALIGN (0x8)
                0x20001f58                _estack = .
                0x20001f58                . = ALIGN (0x4)
                0x20001f58                _end = .
OUTPUT(NixCalculator.elf elf32-littlearm)

.ARM.attributes
                0x00000000       0x28
 .ARM.attributes
                0x00000000       0x1e c:/program files (x86)/atmel/studio/7.0/toolchain/arm/arm-gnu-toolchain/bin/../lib/gcc/arm-none-eabi/6.3.1/thumb/v6-m/crti.o
 .ARM.attributes
                0x0000001e       0x2c c:/program files (x86)/atmel/studio/7.0/toolchain/arm/arm-gnu-toolchain/bin/../lib/gcc/arm-none-eabi/6.3.1/thumb/v6-m/crtbegin.o
 .ARM.attributes
                0x0000004a       0x32 buzzer.o
 .ARM.attributes
                0x0000007c       0x32 clocks.o
 .ARM.attributes
                0x000000ae       0x32 colors.o
 .ARM.attributes
                0x000000e0       0x32 Commands/commands.o
 .ARM.attributes
                0x00000112       0x32 Device_Startup/startup_samd21.o
 .ARM.attributes
                0x00000144       0x32 DMA.o
 .ARM.attributes
                0x00000176       0x32 gpio.o
 .ARM.attributes
                0x000001a8       0x32 keymap.o
 .ARM.attributes
                0x000001da       0x32 keypad.o
 .ARM.attributes
                0x0000020c       0x32 main.o
 .ARM.attributes
                0x0000023e       0x32 NeoPixel.o
 .ARM.attributes
                0x00000270       0x32 SPI.o
 .ARM.attributes
                0x000002a2       0x32 SSDisplay.o
 .ARM.attributes
                0x000002d4       0x1e c:/program files (x86)/atmel/studio/7.0/toolchain/arm/arm-gnu-toolchain/bin/../lib/gcc/arm-none-eabi/6.3.1/thumb/v6-m\libgcc.a(_divsi3.o)
 .ARM.attributes
                0x000002f2       0x1e c:/program files (x86)/atmel/studio/7.0/toolchain/arm/arm-gnu-toolchain/bin/../lib/gcc/arm-none-eabi/6.3.1/thumb/v6-m\libgcc.a(_dvmd_tls.o)
 .ARM.attributes
                0x00000310       0x2c c:/program files (x86)/atmel/studio/7.0/toolchain/arm/arm-gnu-toolchain/bin/../lib/gcc/arm-none-eabi/6.3.1/thumb/v6-m\libgcc.a(adddf3.o)
 .ARM.attributes
                0x0000033c       0x1e c:/program files (x86)/atmel/studio/7.0/toolchain/arm/arm-gnu-toolchain/bin/../lib/gcc/arm-none-eabi/6.3.1/thumb/v6-m\libgcc.a(_clzsi2.o)
 .ARM.attributes
                0x0000035a       0x2c c:/program files (x86)/atmel/studio/7.0/toolchain/arm/arm-gnu-toolchain/bin/../lib/gcc/arm-none-eabi/6.3.1/../../../../arm-none-eabi/lib/thumb/v6-m\libc.a(lib_a-impure.o)
 .ARM.attributes
                0x00000386       0x2c c:/program files (x86)/atmel/studio/7.0/toolchain/arm/arm-gnu-toolchain/bin/../lib/gcc/arm-none-eabi/6.3.1/../../../../arm-none-eabi/lib/thumb/v6-m\libc.a(lib_a-init.o)
 .ARM.attributes
                0x000003b2       0x2c c:/program files (x86)/atmel/studio/7.0/toolchain/arm/arm-gnu-toolchain/bin/../lib/gcc/arm-none-eabi/6.3.1/../../../../arm-none-eabi/lib/thumb/v6-m\libc.a(lib_a-memcpy-stub.o)
 .ARM.attributes
                0x000003de       0x2c c:/program files (x86)/atmel/studio/7.0/toolchain/arm/arm-gnu-toolchain/bin/../lib/gcc/arm-none-eabi/6.3.1/../../../../arm-none-eabi/lib/thumb/v6-m\libc.a(lib_a-memset.o)
 .ARM.attributes
                0x0000040a       0x2c c:/program files (x86)/atmel/studio/7.0/toolchain/arm/arm-gnu-toolchain/bin/../lib/gcc/arm-none-eabi/6.3.1/../../../../arm-none-eabi/lib/thumb/v6-m\libc.a(lib_a-__call_atexit.o)
 .ARM.attributes
                0x00000436       0x2c c:/program files (x86)/atmel/studio/7.0/toolchain/arm/arm-gnu-toolchain/bin/../lib/gcc/arm-none-eabi/6.3.1/../../../../arm-none-eabi/lib/thumb/v6-m\libc.a(lib_a-atexit.o)
 .ARM.attributes
                0x00000462       0x2c c:/program files (x86)/atmel/studio/7.0/toolchain/arm/arm-gnu-toolchain/bin/../lib/gcc/arm-none-eabi/6.3.1/../../../../arm-none-eabi/lib/thumb/v6-m\libc.a(lib_a-fini.o)
 .ARM.attributes
                0x0000048e       0x2c c:/program files (x86)/atmel/studio/7.0/toolchain/arm/arm-gnu-toolchain/bin/../lib/gcc/arm-none-eabi/6.3.1/../../../../arm-none-eabi/lib/thumb/v6-m\libc.a(lib_a-lock.o)
 .ARM.attributes
                0x000004ba       0x2c c:/program files (x86)/atmel/studio/7.0/toolchain/arm/arm-gnu-toolchain/bin/../lib/gcc/arm-none-eabi/6.3.1/../../../../arm-none-eabi/lib/thumb/v6-m\libc.a(lib_a-__atexit.o)
 .ARM.attributes
                0x000004e6       0x1e c:/program files (x86)/atmel/studio/7.0/toolchain/arm/arm-gnu-toolchain/bin/../lib/gcc/arm-none-eabi/6.3.1/thumb/v6-m/crtn.o

.comment        0x00000000       0x59
 .comment       0x00000000       0x59 buzzer.o
                                 0x5a (size before relaxing)
 .comment       0x00000059       0x5a clocks.o
 .comment       0x00000059       0x5a colors.o
 .comment       0x00000059       0x5a Commands/commands.o
 .comment       0x00000059       0x5a Device_Startup/startup_samd21.o
 .comment       0x00000059       0x5a DMA.o
 .comment       0x00000059       0x5a gpio.o
 .comment       0x00000059       0x5a keymap.o
 .comment       0x00000059       0x5a keypad.o
 .comment       0x00000059       0x5a main.o
 .comment       0x00000059       0x5a NeoPixel.o
 .comment       0x00000059       0x5a SPI.o
 .comment       0x00000059       0x5a SSDisplay.o

.debug_info     0x00000000    0x137f7
 .debug_info    0x00000000     0x1fdf buzzer.o
 .debug_info    0x00001fdf     0x21aa clocks.o
 .debug_info    0x00004189      0x1ff colors.o
 .debug_info    0x00004388      0x610 Commands/commands.o
 .debug_info    0x00004998     0x3a52 Device_Startup/startup_samd21.o
 .debug_info    0x000083ea     0x2924 DMA.o
 .debug_info    0x0000ad0e      0x87b gpio.o
 .debug_info    0x0000b589      0xe08 keymap.o
 .debug_info    0x0000c391      0x3c6 keypad.o
 .debug_info    0x0000c757     0x1705 main.o
 .debug_info    0x0000de5c     0x233e NeoPixel.o
 .debug_info    0x0001019a     0x2fcc SPI.o
 .debug_info    0x00013166      0x691 SSDisplay.o

.debug_abbrev   0x00000000     0x1781
 .debug_abbrev  0x00000000      0x1c7 buzzer.o
 .debug_abbrev  0x000001c7      0x150 clocks.o
 .debug_abbrev  0x00000317       0x6a colors.o
 .debug_abbrev  0x00000381      0x163 Commands/commands.o
 .debug_abbrev  0x000004e4      0x227 Device_Startup/startup_samd21.o
 .debug_abbrev  0x0000070b      0x30e DMA.o
 .debug_abbrev  0x00000a19      0x1d6 gpio.o
 .debug_abbrev  0x00000bef      0x167 keymap.o
 .debug_abbrev  0x00000d56      0x176 keypad.o
 .debug_abbrev  0x00000ecc      0x345 main.o
 .debug_abbrev  0x00001211      0x261 NeoPixel.o
 .debug_abbrev  0x00001472      0x18f SPI.o
 .debug_abbrev  0x00001601      0x180 SSDisplay.o

.debug_loc      0x00000000     0x160a
 .debug_loc     0x00000000       0x71 buzzer.o
 .debug_loc     0x00000071      0x183 Commands/commands.o
 .debug_loc     0x000001f4       0x78 Device_Startup/startup_samd21.o
 .debug_loc     0x0000026c       0xc0 DMA.o
 .debug_loc     0x0000032c      0x414 gpio.o
 .debug_loc     0x00000740      0x43c keymap.o
 .debug_loc     0x00000b7c      0x148 keypad.o
 .debug_loc     0x00000cc4      0x676 main.o
 .debug_loc     0x0000133a      0x1be NeoPixel.o
 .debug_loc     0x000014f8       0x20 SPI.o
 .debug_loc     0x00001518       0xf2 SSDisplay.o

.debug_aranges  0x00000000      0x2e8
 .debug_aranges
                0x00000000       0x30 buzzer.o
 .debug_aranges
                0x00000030       0x20 clocks.o
 .debug_aranges
                0x00000050       0x18 colors.o
 .debug_aranges
                0x00000068       0x50 Commands/commands.o
 .debug_aranges
                0x000000b8       0x28 Device_Startup/startup_samd21.o
 .debug_aranges
                0x000000e0       0x38 DMA.o
 .debug_aranges
                0x00000118       0x48 gpio.o
 .debug_aranges
                0x00000160       0x40 keymap.o
 .debug_aranges
                0x000001a0       0x30 keypad.o
 .debug_aranges
                0x000001d0       0x70 main.o
 .debug_aranges
                0x00000240       0x40 NeoPixel.o
 .debug_aranges
                0x00000280       0x28 SPI.o
 .debug_aranges
                0x000002a8       0x40 SSDisplay.o

.debug_ranges   0x00000000      0x2a0
 .debug_ranges  0x00000000       0x20 buzzer.o
 .debug_ranges  0x00000020       0x10 clocks.o
 .debug_ranges  0x00000030       0x40 Commands/commands.o
 .debug_ranges  0x00000070       0x18 Device_Startup/startup_samd21.o
 .debug_ranges  0x00000088       0x28 DMA.o
 .debug_ranges  0x000000b0       0x38 gpio.o
 .debug_ranges  0x000000e8       0x30 keymap.o
 .debug_ranges  0x00000118       0x50 keypad.o
 .debug_ranges  0x00000168       0xc0 main.o
 .debug_ranges  0x00000228       0x30 NeoPixel.o
 .debug_ranges  0x00000258       0x18 SPI.o
 .debug_ranges  0x00000270       0x30 SSDisplay.o

.debug_macro    0x00000000    0x14a5f
 .debug_macro   0x00000000      0x32c buzzer.o
 .debug_macro   0x0000032c      0x89e buzzer.o
 .debug_macro   0x00000bca       0x22 buzzer.o
 .debug_macro   0x00000bec       0x87 buzzer.o
 .debug_macro   0x00000c73       0x51 buzzer.o
 .debug_macro   0x00000cc4       0xef buzzer.o
 .debug_macro   0x00000db3       0x6a buzzer.o
 .debug_macro   0x00000e1d      0x1df buzzer.o
 .debug_macro   0x00000ffc       0x39 buzzer.o
 .debug_macro   0x00001035       0x1c buzzer.o
 .debug_macro   0x00001051       0x22 buzzer.o
 .debug_macro   0x00001073       0xb5 buzzer.o
 .debug_macro   0x00001128      0x3ad buzzer.o
 .debug_macro   0x000014d5      0x67e buzzer.o
 .debug_macro   0x00001b53      0x8b1 buzzer.o
 .debug_macro   0x00002404      0x22e buzzer.o
 .debug_macro   0x00002632      0xd5c buzzer.o
 .debug_macro   0x0000338e      0x4dc buzzer.o
 .debug_macro   0x0000386a      0x9f6 buzzer.o
 .debug_macro   0x00004260      0x82b buzzer.o
 .debug_macro   0x00004a8b      0x451 buzzer.o
 .debug_macro   0x00004edc       0x5e buzzer.o
 .debug_macro   0x00004f3a      0x8f9 buzzer.o
 .debug_macro   0x00005833      0x21c buzzer.o
 .debug_macro   0x00005a4f      0x7dd buzzer.o
 .debug_macro   0x0000622c       0x5e buzzer.o
 .debug_macro   0x0000628a      0x671 buzzer.o
 .debug_macro   0x000068fb      0x3ac buzzer.o
 .debug_macro   0x00006ca7      0xc76 buzzer.o
 .debug_macro   0x0000791d     0x1092 buzzer.o
 .debug_macro   0x000089af      0xc4a buzzer.o
 .debug_macro   0x000095f9      0x6ba buzzer.o
 .debug_macro   0x00009cb3     0x1b3d buzzer.o
 .debug_macro   0x0000b7f0     0x143c buzzer.o
 .debug_macro   0x0000cc2c      0x340 buzzer.o
 .debug_macro   0x0000cf6c       0x7c buzzer.o
 .debug_macro   0x0000cfe8       0xa0 buzzer.o
 .debug_macro   0x0000d088       0x4c buzzer.o
 .debug_macro   0x0000d0d4       0xca buzzer.o
 .debug_macro   0x0000d19e       0x94 buzzer.o
 .debug_macro   0x0000d232       0x58 buzzer.o
 .debug_macro   0x0000d28a      0x3bf buzzer.o
 .debug_macro   0x0000d649       0x82 buzzer.o
 .debug_macro   0x0000d6cb      0x189 buzzer.o
 .debug_macro   0x0000d854       0xb8 buzzer.o
 .debug_macro   0x0000d90c       0xa0 buzzer.o
 .debug_macro   0x0000d9ac       0xb8 buzzer.o
 .debug_macro   0x0000da64       0x1c buzzer.o
 .debug_macro   0x0000da80       0x1c buzzer.o
 .debug_macro   0x0000da9c       0x1c buzzer.o
 .debug_macro   0x0000dab8       0x82 buzzer.o
 .debug_macro   0x0000db3a      0x15a buzzer.o
 .debug_macro   0x0000dc94       0x10 buzzer.o
 .debug_macro   0x0000dca4       0xdc buzzer.o
 .debug_macro   0x0000dd80      0x124 buzzer.o
 .debug_macro   0x0000dea4      0x124 buzzer.o
 .debug_macro   0x0000dfc8      0x124 buzzer.o
 .debug_macro   0x0000e0ec      0x124 buzzer.o
 .debug_macro   0x0000e210      0x124 buzzer.o
 .debug_macro   0x0000e334      0x124 buzzer.o
 .debug_macro   0x0000e458      0x124 buzzer.o
 .debug_macro   0x0000e57c       0xe2 buzzer.o
 .debug_macro   0x0000e65e       0xe2 buzzer.o
 .debug_macro   0x0000e740       0xe2 buzzer.o
 .debug_macro   0x0000e822       0xe2 buzzer.o
 .debug_macro   0x0000e904       0xe2 buzzer.o
 .debug_macro   0x0000e9e6      0x130 buzzer.o
 .debug_macro   0x0000eb16      0x106 buzzer.o
 .debug_macro   0x0000ec1c       0xfa buzzer.o
 .debug_macro   0x0000ed16      0x130 buzzer.o
 .debug_macro   0x0000ee46      0x40f buzzer.o
 .debug_macro   0x0000f255       0x40 buzzer.o
 .debug_macro   0x0000f295      0x3a7 buzzer.o
 .debug_macro   0x0000f63c     0x2170 buzzer.o
 .debug_macro   0x000117ac       0x7b buzzer.o
 .debug_macro   0x00011827      0x1ba buzzer.o
 .debug_macro   0x000119e1       0x16 buzzer.o
 .debug_macro   0x000119f7      0x354 clocks.o
 .debug_macro   0x00011d4b       0x6d colors.o
 .debug_macro   0x00011db8       0xa2 Commands/commands.o
 .debug_macro   0x00011e5a       0x1c Commands/commands.o
 .debug_macro   0x00011e76      0x16d Commands/commands.o
 .debug_macro   0x00011fe3      0x353 Commands/commands.o
 .debug_macro   0x00012336       0x10 Commands/commands.o
 .debug_macro   0x00012346       0x3a Commands/commands.o
 .debug_macro   0x00012380      0x31a Device_Startup/startup_samd21.o
 .debug_macro   0x0001269a      0x3e1 DMA.o
 .debug_macro   0x00012a7b       0x58 DMA.o
 .debug_macro   0x00012ad3       0x35 DMA.o
 .debug_macro   0x00012b08       0x9c DMA.o
 .debug_macro   0x00012ba4       0x58 DMA.o
 .debug_macro   0x00012bfc       0x1f DMA.o
 .debug_macro   0x00012c1b       0x43 DMA.o
 .debug_macro   0x00012c5e       0x20 DMA.o
 .debug_macro   0x00012c7e      0x187 DMA.o
 .debug_macro   0x00012e05      0x34d DMA.o
 .debug_macro   0x00013152       0x10 DMA.o
 .debug_macro   0x00013162       0x35 DMA.o
 .debug_macro   0x00013197       0x1c DMA.o
 .debug_macro   0x000131b3      0x332 gpio.o
 .debug_macro   0x000134e5       0x2e gpio.o
 .debug_macro   0x00013513      0x1b4 gpio.o
 .debug_macro   0x000136c7       0xd6 keymap.o
 .debug_macro   0x0001379d       0x16 keymap.o
 .debug_macro   0x000137b3       0x40 keymap.o
 .debug_macro   0x000137f3      0x347 keypad.o
 .debug_macro   0x00013b3a       0x64 keypad.o
 .debug_macro   0x00013b9e       0x10 keypad.o
 .debug_macro   0x00013bae      0x3de main.o
 .debug_macro   0x00013f8c       0x16 main.o
 .debug_macro   0x00013fa2       0x22 main.o
 .debug_macro   0x00013fc4      0x33c NeoPixel.o
 .debug_macro   0x00014300      0x32d SPI.o
 .debug_macro   0x0001462d      0x432 SSDisplay.o

.debug_line     0x00000000     0x55e2
 .debug_line    0x00000000      0x72f buzzer.o
 .debug_line    0x0000072f      0x73c clocks.o
 .debug_line    0x00000e6b      0x235 colors.o
 .debug_line    0x000010a0      0x322 Commands/commands.o
 .debug_line    0x000013c2      0x716 Device_Startup/startup_samd21.o
 .debug_line    0x00001ad8      0x7e5 DMA.o
 .debug_line    0x000022bd      0x770 gpio.o
 .debug_line    0x00002a2d      0x414 keymap.o
 .debug_line    0x00002e41      0x783 keypad.o
 .debug_line    0x000035c4      0x994 main.o
 .debug_line    0x00003f58      0x79c NeoPixel.o
 .debug_line    0x000046f4      0x71a SPI.o
 .debug_line    0x00004e0e      0x7d4 SSDisplay.o

.debug_str      0x00000000    0x78c62
 .debug_str     0x00000000    0x727d0 buzzer.o
                              0x72b60 (size before relaxing)
 .debug_str     0x000727d0      0x601 clocks.o
                              0x7276e (size before relaxing)
 .debug_str     0x00072dd1      0x128 colors.o
                               0x34be (size before relaxing)
 .debug_str     0x00072ef9     0x1af1 Commands/commands.o
                               0x4f29 (size before relaxing)
 .debug_str     0x000749ea      0xf39 Device_Startup/startup_samd21.o
                              0x72f93 (size before relaxing)
 .debug_str     0x00075923     0x1b7c DMA.o
                              0x75940 (size before relaxing)
 .debug_str     0x0007749f       0xec gpio.o
                              0x725bb (size before relaxing)
 .debug_str     0x0007758b      0x363 keymap.o
                               0x5324 (size before relaxing)
 .debug_str     0x000778ee       0xbf keypad.o
                              0x724ee (size before relaxing)
 .debug_str     0x000779ad      0x2a7 main.o
                              0x7493b (size before relaxing)
 .debug_str     0x00077c54      0x6a1 NeoPixel.o
                              0x7271e (size before relaxing)
 .debug_str     0x000782f5       0x1b SPI.o
                              0x72ea7 (size before relaxing)
 .debug_str     0x00078310      0x952 SSDisplay.o
                              0x72db6 (size before relaxing)

.debug_frame    0x00000000      0x804
 .debug_frame   0x00000000       0x48 buzzer.o
 .debug_frame   0x00000048       0x20 clocks.o
 .debug_frame   0x00000068       0x90 Commands/commands.o
 .debug_frame   0x000000f8       0x40 Device_Startup/startup_samd21.o
 .debug_frame   0x00000138       0x68 DMA.o
 .debug_frame   0x000001a0       0x78 gpio.o
 .debug_frame   0x00000218       0x98 keymap.o
 .debug_frame   0x000002b0       0x74 keypad.o
 .debug_frame   0x00000324      0x118 main.o
 .debug_frame   0x0000043c       0x84 NeoPixel.o
 .debug_frame   0x000004c0       0x38 SPI.o
 .debug_frame   0x000004f8       0x90 SSDisplay.o
 .debug_frame   0x00000588       0x20 c:/program files (x86)/atmel/studio/7.0/toolchain/arm/arm-gnu-toolchain/bin/../lib/gcc/arm-none-eabi/6.3.1/thumb/v6-m\libgcc.a(_divsi3.o)
 .debug_frame   0x000005a8       0x3c c:/program files (x86)/atmel/studio/7.0/toolchain/arm/arm-gnu-toolchain/bin/../lib/gcc/arm-none-eabi/6.3.1/thumb/v6-m\libgcc.a(adddf3.o)
 .debug_frame   0x000005e4       0x2c c:/program files (x86)/atmel/studio/7.0/toolchain/arm/arm-gnu-toolchain/bin/../lib/gcc/arm-none-eabi/6.3.1/../../../../arm-none-eabi/lib/thumb/v6-m\libc.a(lib_a-init.o)
 .debug_frame   0x00000610       0x30 c:/program files (x86)/atmel/studio/7.0/toolchain/arm/arm-gnu-toolchain/bin/../lib/gcc/arm-none-eabi/6.3.1/../../../../arm-none-eabi/lib/thumb/v6-m\libc.a(lib_a-memcpy-stub.o)
 .debug_frame   0x00000640       0x30 c:/program files (x86)/atmel/studio/7.0/toolchain/arm/arm-gnu-toolchain/bin/../lib/gcc/arm-none-eabi/6.3.1/../../../../arm-none-eabi/lib/thumb/v6-m\libc.a(lib_a-memset.o)
 .debug_frame   0x00000670       0x54 c:/program files (x86)/atmel/studio/7.0/toolchain/arm/arm-gnu-toolchain/bin/../lib/gcc/arm-none-eabi/6.3.1/../../../../arm-none-eabi/lib/thumb/v6-m\libc.a(lib_a-__call_atexit.o)
 .debug_frame   0x000006c4       0x28 c:/program files (x86)/atmel/studio/7.0/toolchain/arm/arm-gnu-toolchain/bin/../lib/gcc/arm-none-eabi/6.3.1/../../../../arm-none-eabi/lib/thumb/v6-m\libc.a(lib_a-atexit.o)
 .debug_frame   0x000006ec       0x2c c:/program files (x86)/atmel/studio/7.0/toolchain/arm/arm-gnu-toolchain/bin/../lib/gcc/arm-none-eabi/6.3.1/../../../../arm-none-eabi/lib/thumb/v6-m\libc.a(lib_a-fini.o)
 .debug_frame   0x00000718       0xb0 c:/program files (x86)/atmel/studio/7.0/toolchain/arm/arm-gnu-toolchain/bin/../lib/gcc/arm-none-eabi/6.3.1/../../../../arm-none-eabi/lib/thumb/v6-m\libc.a(lib_a-lock.o)
 .debug_frame   0x000007c8       0x3c c:/program files (x86)/atmel/studio/7.0/toolchain/arm/arm-gnu-toolchain/bin/../lib/gcc/arm-none-eabi/6.3.1/../../../../arm-none-eabi/lib/thumb/v6-m\libc.a(lib_a-__atexit.o)
