Archive member included to satisfy reference by file (symbol)

c:/program files (x86)/atmel/studio/7.0/toolchain/arm/arm-gnu-toolchain/bin/../lib/gcc/arm-none-eabi/6.3.1/thumb/v6-m\libgcc.a(_divsi3.o)
                              periph/buzzer.o (__aeabi_idiv)
c:/program files (x86)/atmel/studio/7.0/toolchain/arm/arm-gnu-toolchain/bin/../lib/gcc/arm-none-eabi/6.3.1/thumb/v6-m\libgcc.a(_dvmd_tls.o)
                              c:/program files (x86)/atmel/studio/7.0/toolchain/arm/arm-gnu-toolchain/bin/../lib/gcc/arm-none-eabi/6.3.1/thumb/v6-m\libgcc.a(_divsi3.o) (__aeabi_idiv0)
c:/program files (x86)/atmel/studio/7.0/toolchain/arm/arm-gnu-toolchain/bin/../lib/gcc/arm-none-eabi/6.3.1/thumb/v6-m\libgcc.a(_arm_cmpdf2.o)
                              mathcore/mathcore_float.o (__aeabi_dcmpeq)
c:/program files (x86)/atmel/studio/7.0/toolchain/arm/arm-gnu-toolchain/bin/../lib/gcc/arm-none-eabi/6.3.1/thumb/v6-m\libgcc.a(adddf3.o)
                              mathcore/mathcore_float.o (__aeabi_dadd)
c:/program files (x86)/atmel/studio/7.0/toolchain/arm/arm-gnu-toolchain/bin/../lib/gcc/arm-none-eabi/6.3.1/thumb/v6-m\libgcc.a(divdf3.o)
                              mathcore/mathcore_float.o (__aeabi_ddiv)
c:/program files (x86)/atmel/studio/7.0/toolchain/arm/arm-gnu-toolchain/bin/../lib/gcc/arm-none-eabi/6.3.1/thumb/v6-m\libgcc.a(eqdf2.o)
                              c:/program files (x86)/atmel/studio/7.0/toolchain/arm/arm-gnu-toolchain/bin/../lib/gcc/arm-none-eabi/6.3.1/thumb/v6-m\libgcc.a(_arm_cmpdf2.o) (__eqdf2)
c:/program files (x86)/atmel/studio/7.0/toolchain/arm/arm-gnu-toolchain/bin/../lib/gcc/arm-none-eabi/6.3.1/thumb/v6-m\libgcc.a(gedf2.o)
                              c:/program files (x86)/atmel/studio/7.0/toolchain/arm/arm-gnu-toolchain/bin/../lib/gcc/arm-none-eabi/6.3.1/thumb/v6-m\libgcc.a(_arm_cmpdf2.o) (__gedf2)
c:/program files (x86)/atmel/studio/7.0/toolchain/arm/arm-gnu-toolchain/bin/../lib/gcc/arm-none-eabi/6.3.1/thumb/v6-m\libgcc.a(ledf2.o)
                              c:/program files (x86)/atmel/studio/7.0/toolchain/arm/arm-gnu-toolchain/bin/../lib/gcc/arm-none-eabi/6.3.1/thumb/v6-m\libgcc.a(_arm_cmpdf2.o) (__ledf2)
c:/program files (x86)/atmel/studio/7.0/toolchain/arm/arm-gnu-toolchain/bin/../lib/gcc/arm-none-eabi/6.3.1/thumb/v6-m\libgcc.a(muldf3.o)
                              mathcore/mathcore_float.o (__aeabi_dmul)
c:/program files (x86)/atmel/studio/7.0/toolchain/arm/arm-gnu-toolchain/bin/../lib/gcc/arm-none-eabi/6.3.1/thumb/v6-m\libgcc.a(subdf3.o)
                              mathcore/mathcore_float.o (__aeabi_dsub)
c:/program files (x86)/atmel/studio/7.0/toolchain/arm/arm-gnu-toolchain/bin/../lib/gcc/arm-none-eabi/6.3.1/thumb/v6-m\libgcc.a(_udivsi3.o)
                              c:/program files (x86)/atmel/studio/7.0/toolchain/arm/arm-gnu-toolchain/bin/../lib/gcc/arm-none-eabi/6.3.1/thumb/v6-m\libgcc.a(divdf3.o) (__aeabi_uidiv)
c:/program files (x86)/atmel/studio/7.0/toolchain/arm/arm-gnu-toolchain/bin/../lib/gcc/arm-none-eabi/6.3.1/thumb/v6-m\libgcc.a(_clzsi2.o)
                              c:/program files (x86)/atmel/studio/7.0/toolchain/arm/arm-gnu-toolchain/bin/../lib/gcc/arm-none-eabi/6.3.1/thumb/v6-m\libgcc.a(adddf3.o) (__clzsi2)
c:/program files (x86)/atmel/studio/7.0/toolchain/arm/arm-gnu-toolchain/bin/../lib/gcc/arm-none-eabi/6.3.1/../../../../arm-none-eabi/lib/thumb/v6-m\libc.a(lib_a-exit.o)
                              c:/program files (x86)/atmel/studio/7.0/toolchain/arm/arm-gnu-toolchain/bin/../lib/gcc/arm-none-eabi/6.3.1/../../../../arm-none-eabi/lib/thumb/v6-m/crt0.o (exit)
c:/program files (x86)/atmel/studio/7.0/toolchain/arm/arm-gnu-toolchain/bin/../lib/gcc/arm-none-eabi/6.3.1/../../../../arm-none-eabi/lib/thumb/v6-m\libc.a(lib_a-impure.o)
                              c:/program files (x86)/atmel/studio/7.0/toolchain/arm/arm-gnu-toolchain/bin/../lib/gcc/arm-none-eabi/6.3.1/../../../../arm-none-eabi/lib/thumb/v6-m\libc.a(lib_a-exit.o) (_global_impure_ptr)
c:/program files (x86)/atmel/studio/7.0/toolchain/arm/arm-gnu-toolchain/bin/../lib/gcc/arm-none-eabi/6.3.1/../../../../arm-none-eabi/lib/thumb/v6-m\libc.a(lib_a-init.o)
                              c:/program files (x86)/atmel/studio/7.0/toolchain/arm/arm-gnu-toolchain/bin/../lib/gcc/arm-none-eabi/6.3.1/../../../../arm-none-eabi/lib/thumb/v6-m/crt0.o (__libc_init_array)
c:/program files (x86)/atmel/studio/7.0/toolchain/arm/arm-gnu-toolchain/bin/../lib/gcc/arm-none-eabi/6.3.1/../../../../arm-none-eabi/lib/thumb/v6-m\libc.a(lib_a-memcpy-stub.o)
                              periph/DMA.o (memcpy)
c:/program files (x86)/atmel/studio/7.0/toolchain/arm/arm-gnu-toolchain/bin/../lib/gcc/arm-none-eabi/6.3.1/../../../../arm-none-eabi/lib/thumb/v6-m\libc.a(lib_a-memset.o)
                              c:/program files (x86)/atmel/studio/7.0/toolchain/arm/arm-gnu-toolchain/bin/../lib/gcc/arm-none-eabi/6.3.1/../../../../arm-none-eabi/lib/thumb/v6-m/crt0.o (memset)
c:/program files (x86)/atmel/studio/7.0/toolchain/arm/arm-gnu-toolchain/bin/../lib/gcc/arm-none-eabi/6.3.1/../../../../arm-none-eabi/lib/thumb/v6-m\libc.a(lib_a-__call_atexit.o)
                              c:/program files (x86)/atmel/studio/7.0/toolchain/arm/arm-gnu-toolchain/bin/../lib/gcc/arm-none-eabi/6.3.1/../../../../arm-none-eabi/lib/thumb/v6-m\libc.a(lib_a-exit.o) (__call_exitprocs)
c:/program files (x86)/atmel/studio/7.0/toolchain/arm/arm-gnu-toolchain/bin/../lib/gcc/arm-none-eabi/6.3.1/../../../../arm-none-eabi/lib/thumb/v6-m\libc.a(lib_a-atexit.o)
                              c:/program files (x86)/atmel/studio/7.0/toolchain/arm/arm-gnu-toolchain/bin/../lib/gcc/arm-none-eabi/6.3.1/../../../../arm-none-eabi/lib/thumb/v6-m\libc.a(lib_a-__call_atexit.o) (atexit)
c:/program files (x86)/atmel/studio/7.0/toolchain/arm/arm-gnu-toolchain/bin/../lib/gcc/arm-none-eabi/6.3.1/../../../../arm-none-eabi/lib/thumb/v6-m\libc.a(lib_a-fini.o)
                              c:/program files (x86)/atmel/studio/7.0/toolchain/arm/arm-gnu-toolchain/bin/../lib/gcc/arm-none-eabi/6.3.1/../../../../arm-none-eabi/lib/thumb/v6-m\libc.a(lib_a-__call_atexit.o) (__libc_fini_array)
c:/program files (x86)/atmel/studio/7.0/toolchain/arm/arm-gnu-toolchain/bin/../lib/gcc/arm-none-eabi/6.3.1/../../../../arm-none-eabi/lib/thumb/v6-m\libc.a(lib_a-lock.o)
                              c:/program files (x86)/atmel/studio/7.0/toolchain/arm/arm-gnu-toolchain/bin/../lib/gcc/arm-none-eabi/6.3.1/../../../../arm-none-eabi/lib/thumb/v6-m\libc.a(lib_a-__call_atexit.o) (__retarget_lock_acquire_recursive)
c:/program files (x86)/atmel/studio/7.0/toolchain/arm/arm-gnu-toolchain/bin/../lib/gcc/arm-none-eabi/6.3.1/../../../../arm-none-eabi/lib/thumb/v6-m\libc.a(lib_a-__atexit.o)
                              c:/program files (x86)/atmel/studio/7.0/toolchain/arm/arm-gnu-toolchain/bin/../lib/gcc/arm-none-eabi/6.3.1/../../../../arm-none-eabi/lib/thumb/v6-m\libc.a(lib_a-atexit.o) (__register_exitproc)

Allocating common symbols
Common symbol       size              file

cmd_pi              0x4               main.o
__lock___atexit_recursive_mutex
                    0x1               c:/program files (x86)/atmel/studio/7.0/toolchain/arm/arm-gnu-toolchain/bin/../lib/gcc/arm-none-eabi/6.3.1/../../../../arm-none-eabi/lib/thumb/v6-m\libc.a(lib_a-lock.o)
cmd_root            0x4               main.o
cmd_cosh            0x4               main.o
__lock___arc4random_mutex
                    0x1               c:/program files (x86)/atmel/studio/7.0/toolchain/arm/arm-gnu-toolchain/bin/../lib/gcc/arm-none-eabi/6.3.1/../../../../arm-none-eabi/lib/thumb/v6-m\libc.a(lib_a-lock.o)
cmd_alog            0x4               main.o
cmd_i               0x4               main.o
cmd_e               0x4               main.o
cmd_exp             0x4               main.o
cmd_acos            0x4               main.o
cmd_ln              0x4               main.o
__lock___env_recursive_mutex
                    0x1               c:/program files (x86)/atmel/studio/7.0/toolchain/arm/arm-gnu-toolchain/bin/../lib/gcc/arm-none-eabi/6.3.1/../../../../arm-none-eabi/lib/thumb/v6-m\libc.a(lib_a-lock.o)
__lock___sinit_recursive_mutex
                    0x1               c:/program files (x86)/atmel/studio/7.0/toolchain/arm/arm-gnu-toolchain/bin/../lib/gcc/arm-none-eabi/6.3.1/../../../../arm-none-eabi/lib/thumb/v6-m\libc.a(lib_a-lock.o)
cmd_cos             0x4               main.o
__lock___malloc_recursive_mutex
                    0x1               c:/program files (x86)/atmel/studio/7.0/toolchain/arm/arm-gnu-toolchain/bin/../lib/gcc/arm-none-eabi/6.3.1/../../../../arm-none-eabi/lib/thumb/v6-m\libc.a(lib_a-lock.o)
cmd_acosh           0x4               main.o
cmd_log             0x4               main.o
io_devices          0x30              main.o
cmd_atanh           0x4               main.o
color_clear         0x3               colors.o
cmd_pow             0x4               main.o
keypad_map          0x460             main.o
cmd_parallel        0x4               main.o
cmd_sqrt            0x4               main.o
color_menu          0x3               colors.o
cmd_abs             0x4               main.o
cmd_atan            0x4               main.o
__lock___at_quick_exit_mutex
                    0x1               c:/program files (x86)/atmel/studio/7.0/toolchain/arm/arm-gnu-toolchain/bin/../lib/gcc/arm-none-eabi/6.3.1/../../../../arm-none-eabi/lib/thumb/v6-m\libc.a(lib_a-lock.o)
cmd_sqr             0x4               main.o
cmd_phasor          0x4               main.o
cmd_tan             0x4               main.o
__lock___dd_hash_mutex
                    0x1               c:/program files (x86)/atmel/studio/7.0/toolchain/arm/arm-gnu-toolchain/bin/../lib/gcc/arm-none-eabi/6.3.1/../../../../arm-none-eabi/lib/thumb/v6-m\libc.a(lib_a-lock.o)
__lock___tz_mutex   0x1               c:/program files (x86)/atmel/studio/7.0/toolchain/arm/arm-gnu-toolchain/bin/../lib/gcc/arm-none-eabi/6.3.1/../../../../arm-none-eabi/lib/thumb/v6-m\libc.a(lib_a-lock.o)
cmd_inv             0x4               main.o
cmd_tanh            0x4               main.o
__lock___sfp_recursive_mutex
                    0x1               c:/program files (x86)/atmel/studio/7.0/toolchain/arm/arm-gnu-toolchain/bin/../lib/gcc/arm-none-eabi/6.3.1/../../../../arm-none-eabi/lib/thumb/v6-m\libc.a(lib_a-lock.o)

Discarded input sections

 .text          0x00000000        0x0 c:/program files (x86)/atmel/studio/7.0/toolchain/arm/arm-gnu-toolchain/bin/../lib/gcc/arm-none-eabi/6.3.1/thumb/v6-m/crti.o
 .data          0x00000000        0x0 c:/program files (x86)/atmel/studio/7.0/toolchain/arm/arm-gnu-toolchain/bin/../lib/gcc/arm-none-eabi/6.3.1/thumb/v6-m/crti.o
 .bss           0x00000000        0x0 c:/program files (x86)/atmel/studio/7.0/toolchain/arm/arm-gnu-toolchain/bin/../lib/gcc/arm-none-eabi/6.3.1/thumb/v6-m/crti.o
 .data          0x00000000        0x4 c:/program files (x86)/atmel/studio/7.0/toolchain/arm/arm-gnu-toolchain/bin/../lib/gcc/arm-none-eabi/6.3.1/thumb/v6-m/crtbegin.o
 .text          0x00000000       0x78 c:/program files (x86)/atmel/studio/7.0/toolchain/arm/arm-gnu-toolchain/bin/../lib/gcc/arm-none-eabi/6.3.1/../../../../arm-none-eabi/lib/thumb/v6-m/crt0.o
 .data          0x00000000        0x0 c:/program files (x86)/atmel/studio/7.0/toolchain/arm/arm-gnu-toolchain/bin/../lib/gcc/arm-none-eabi/6.3.1/../../../../arm-none-eabi/lib/thumb/v6-m/crt0.o
 .bss           0x00000000        0x0 c:/program files (x86)/atmel/studio/7.0/toolchain/arm/arm-gnu-toolchain/bin/../lib/gcc/arm-none-eabi/6.3.1/../../../../arm-none-eabi/lib/thumb/v6-m/crt0.o
 .ARM.extab     0x00000000        0x0 c:/program files (x86)/atmel/studio/7.0/toolchain/arm/arm-gnu-toolchain/bin/../lib/gcc/arm-none-eabi/6.3.1/../../../../arm-none-eabi/lib/thumb/v6-m/crt0.o
 .ARM.exidx     0x00000000        0x8 c:/program files (x86)/atmel/studio/7.0/toolchain/arm/arm-gnu-toolchain/bin/../lib/gcc/arm-none-eabi/6.3.1/../../../../arm-none-eabi/lib/thumb/v6-m/crt0.o
 .ARM.attributes
                0x00000000       0x1b c:/program files (x86)/atmel/studio/7.0/toolchain/arm/arm-gnu-toolchain/bin/../lib/gcc/arm-none-eabi/6.3.1/../../../../arm-none-eabi/lib/thumb/v6-m/crt0.o
 .text          0x00000000        0x0 colors.o
 .data          0x00000000        0x0 colors.o
 .bss           0x00000000        0x0 colors.o
 COMMON         0x00000000        0x7 colors.o
 .text          0x00000000        0x0 Commands/commands.o
 .bss           0x00000000        0x0 Commands/commands.o
 .text          0x00000000        0x0 Device_Startup/startup_samd21.o
 .data          0x00000000        0x0 Device_Startup/startup_samd21.o
 .bss           0x00000000        0x0 Device_Startup/startup_samd21.o
 .text          0x00000000        0x0 Device_Startup/system_samd21.o
 .data          0x00000000        0x4 Device_Startup/system_samd21.o
 .bss           0x00000000        0x0 Device_Startup/system_samd21.o
 .text.SystemInit
                0x00000000       0x10 Device_Startup/system_samd21.o
 .text.SystemCoreClockUpdate
                0x00000000       0x10 Device_Startup/system_samd21.o
 .debug_info    0x00000000       0xd1 Device_Startup/system_samd21.o
 .debug_abbrev  0x00000000       0x6f Device_Startup/system_samd21.o
 .debug_aranges
                0x00000000       0x28 Device_Startup/system_samd21.o
 .debug_ranges  0x00000000       0x18 Device_Startup/system_samd21.o
 .debug_line    0x00000000      0x1b7 Device_Startup/system_samd21.o
 .debug_str     0x00000000      0x1cd Device_Startup/system_samd21.o
 .comment       0x00000000       0x5a Device_Startup/system_samd21.o
 .debug_frame   0x00000000       0x30 Device_Startup/system_samd21.o
 .ARM.attributes
                0x00000000       0x32 Device_Startup/system_samd21.o
 .text          0x00000000        0x0 main.o
 .text.mainfsm  0x00000000        0x2 main.o
 .text.process_modifiers
                0x00000000        0x2 main.o
 .rodata        0x00000000       0x15 main.o
 .text          0x00000000        0x0 mathcore/mathcore_float.o
 .data          0x00000000        0x0 mathcore/mathcore_float.o
 .bss           0x00000000        0x0 mathcore/mathcore_float.o
 .text          0x00000000        0x0 periph/buzzer.o
 .data          0x00000000        0x0 periph/buzzer.o
 .text          0x00000000        0x0 periph/clocks.o
 .data          0x00000000        0x0 periph/clocks.o
 .bss           0x00000000        0x0 periph/clocks.o
 .text          0x00000000        0x0 periph/DMA.o
 .data          0x00000000        0x0 periph/DMA.o
 .text          0x00000000        0x0 periph/gpio.o
 .data          0x00000000        0x0 periph/gpio.o
 .bss           0x00000000        0x0 periph/gpio.o
 .text.gpio_toggle_pin
                0x00000000       0x24 periph/gpio.o
 .text          0x00000000        0x0 periph/indicatorlights.o
 .data          0x00000000        0x0 periph/indicatorlights.o
 .bss           0x00000000        0x0 periph/indicatorlights.o
 .text          0x00000000        0x0 periph/keymap.o
 .data          0x00000000        0x0 periph/keymap.o
 .bss           0x00000000        0x0 periph/keymap.o
 .text          0x00000000        0x0 periph/keypad.o
 .data          0x00000000        0x0 periph/keypad.o
 .text.keypad_get_presses
                0x00000000       0x24 periph/keypad.o
 .text          0x00000000        0x0 periph/NeoPixel.o
 .data          0x00000000        0x0 periph/NeoPixel.o
 .text.NeoPixel_set_animation
                0x00000000        0xc periph/NeoPixel.o
 .text          0x00000000        0x0 periph/NXDisplay.o
 .data          0x00000000        0x0 periph/NXDisplay.o
 .text.NXDisplay_dispStr
                0x00000000       0xfc periph/NXDisplay.o
 .text          0x00000000        0x0 periph/SPI.o
 .data          0x00000000        0x0 periph/SPI.o
 .bss           0x00000000        0x0 periph/SPI.o
 .text          0x00000000        0x0 periph/SSDisplay.o
 .data          0x00000000        0x0 periph/SSDisplay.o
 .text.SSD_dispStr
                0x00000000      0x21c periph/SSDisplay.o
 .rodata        0x00000000      0x162 periph/SSDisplay.o
 .text.SSD_setBrightness
                0x00000000        0x2 periph/SSDisplay.o
 .data          0x00000000        0x0 c:/program files (x86)/atmel/studio/7.0/toolchain/arm/arm-gnu-toolchain/bin/../lib/gcc/arm-none-eabi/6.3.1/thumb/v6-m\libgcc.a(_divsi3.o)
 .bss           0x00000000        0x0 c:/program files (x86)/atmel/studio/7.0/toolchain/arm/arm-gnu-toolchain/bin/../lib/gcc/arm-none-eabi/6.3.1/thumb/v6-m\libgcc.a(_divsi3.o)
 .data          0x00000000        0x0 c:/program files (x86)/atmel/studio/7.0/toolchain/arm/arm-gnu-toolchain/bin/../lib/gcc/arm-none-eabi/6.3.1/thumb/v6-m\libgcc.a(_dvmd_tls.o)
 .bss           0x00000000        0x0 c:/program files (x86)/atmel/studio/7.0/toolchain/arm/arm-gnu-toolchain/bin/../lib/gcc/arm-none-eabi/6.3.1/thumb/v6-m\libgcc.a(_dvmd_tls.o)
 .data          0x00000000        0x0 c:/program files (x86)/atmel/studio/7.0/toolchain/arm/arm-gnu-toolchain/bin/../lib/gcc/arm-none-eabi/6.3.1/thumb/v6-m\libgcc.a(_arm_cmpdf2.o)
 .bss           0x00000000        0x0 c:/program files (x86)/atmel/studio/7.0/toolchain/arm/arm-gnu-toolchain/bin/../lib/gcc/arm-none-eabi/6.3.1/thumb/v6-m\libgcc.a(_arm_cmpdf2.o)
 .data          0x00000000        0x0 c:/program files (x86)/atmel/studio/7.0/toolchain/arm/arm-gnu-toolchain/bin/../lib/gcc/arm-none-eabi/6.3.1/thumb/v6-m\libgcc.a(adddf3.o)
 .bss           0x00000000        0x0 c:/program files (x86)/atmel/studio/7.0/toolchain/arm/arm-gnu-toolchain/bin/../lib/gcc/arm-none-eabi/6.3.1/thumb/v6-m\libgcc.a(adddf3.o)
 .data          0x00000000        0x0 c:/program files (x86)/atmel/studio/7.0/toolchain/arm/arm-gnu-toolchain/bin/../lib/gcc/arm-none-eabi/6.3.1/thumb/v6-m\libgcc.a(divdf3.o)
 .bss           0x00000000        0x0 c:/program files (x86)/atmel/studio/7.0/toolchain/arm/arm-gnu-toolchain/bin/../lib/gcc/arm-none-eabi/6.3.1/thumb/v6-m\libgcc.a(divdf3.o)
 .data          0x00000000        0x0 c:/program files (x86)/atmel/studio/7.0/toolchain/arm/arm-gnu-toolchain/bin/../lib/gcc/arm-none-eabi/6.3.1/thumb/v6-m\libgcc.a(eqdf2.o)
 .bss           0x00000000        0x0 c:/program files (x86)/atmel/studio/7.0/toolchain/arm/arm-gnu-toolchain/bin/../lib/gcc/arm-none-eabi/6.3.1/thumb/v6-m\libgcc.a(eqdf2.o)
 .data          0x00000000        0x0 c:/program files (x86)/atmel/studio/7.0/toolchain/arm/arm-gnu-toolchain/bin/../lib/gcc/arm-none-eabi/6.3.1/thumb/v6-m\libgcc.a(gedf2.o)
 .bss           0x00000000        0x0 c:/program files (x86)/atmel/studio/7.0/toolchain/arm/arm-gnu-toolchain/bin/../lib/gcc/arm-none-eabi/6.3.1/thumb/v6-m\libgcc.a(gedf2.o)
 .data          0x00000000        0x0 c:/program files (x86)/atmel/studio/7.0/toolchain/arm/arm-gnu-toolchain/bin/../lib/gcc/arm-none-eabi/6.3.1/thumb/v6-m\libgcc.a(ledf2.o)
 .bss           0x00000000        0x0 c:/program files (x86)/atmel/studio/7.0/toolchain/arm/arm-gnu-toolchain/bin/../lib/gcc/arm-none-eabi/6.3.1/thumb/v6-m\libgcc.a(ledf2.o)
 .data          0x00000000        0x0 c:/program files (x86)/atmel/studio/7.0/toolchain/arm/arm-gnu-toolchain/bin/../lib/gcc/arm-none-eabi/6.3.1/thumb/v6-m\libgcc.a(muldf3.o)
 .bss           0x00000000        0x0 c:/program files (x86)/atmel/studio/7.0/toolchain/arm/arm-gnu-toolchain/bin/../lib/gcc/arm-none-eabi/6.3.1/thumb/v6-m\libgcc.a(muldf3.o)
 .data          0x00000000        0x0 c:/program files (x86)/atmel/studio/7.0/toolchain/arm/arm-gnu-toolchain/bin/../lib/gcc/arm-none-eabi/6.3.1/thumb/v6-m\libgcc.a(subdf3.o)
 .bss           0x00000000        0x0 c:/program files (x86)/atmel/studio/7.0/toolchain/arm/arm-gnu-toolchain/bin/../lib/gcc/arm-none-eabi/6.3.1/thumb/v6-m\libgcc.a(subdf3.o)
 .data          0x00000000        0x0 c:/program files (x86)/atmel/studio/7.0/toolchain/arm/arm-gnu-toolchain/bin/../lib/gcc/arm-none-eabi/6.3.1/thumb/v6-m\libgcc.a(_udivsi3.o)
 .bss           0x00000000        0x0 c:/program files (x86)/atmel/studio/7.0/toolchain/arm/arm-gnu-toolchain/bin/../lib/gcc/arm-none-eabi/6.3.1/thumb/v6-m\libgcc.a(_udivsi3.o)
 .data          0x00000000        0x0 c:/program files (x86)/atmel/studio/7.0/toolchain/arm/arm-gnu-toolchain/bin/../lib/gcc/arm-none-eabi/6.3.1/thumb/v6-m\libgcc.a(_clzsi2.o)
 .bss           0x00000000        0x0 c:/program files (x86)/atmel/studio/7.0/toolchain/arm/arm-gnu-toolchain/bin/../lib/gcc/arm-none-eabi/6.3.1/thumb/v6-m\libgcc.a(_clzsi2.o)
 .text          0x00000000        0x0 c:/program files (x86)/atmel/studio/7.0/toolchain/arm/arm-gnu-toolchain/bin/../lib/gcc/arm-none-eabi/6.3.1/../../../../arm-none-eabi/lib/thumb/v6-m\libc.a(lib_a-exit.o)
 .data          0x00000000        0x0 c:/program files (x86)/atmel/studio/7.0/toolchain/arm/arm-gnu-toolchain/bin/../lib/gcc/arm-none-eabi/6.3.1/../../../../arm-none-eabi/lib/thumb/v6-m\libc.a(lib_a-exit.o)
 .bss           0x00000000        0x0 c:/program files (x86)/atmel/studio/7.0/toolchain/arm/arm-gnu-toolchain/bin/../lib/gcc/arm-none-eabi/6.3.1/../../../../arm-none-eabi/lib/thumb/v6-m\libc.a(lib_a-exit.o)
 .text.exit     0x00000000       0x20 c:/program files (x86)/atmel/studio/7.0/toolchain/arm/arm-gnu-toolchain/bin/../lib/gcc/arm-none-eabi/6.3.1/../../../../arm-none-eabi/lib/thumb/v6-m\libc.a(lib_a-exit.o)
 .debug_frame   0x00000000       0x28 c:/program files (x86)/atmel/studio/7.0/toolchain/arm/arm-gnu-toolchain/bin/../lib/gcc/arm-none-eabi/6.3.1/../../../../arm-none-eabi/lib/thumb/v6-m\libc.a(lib_a-exit.o)
 .ARM.attributes
                0x00000000       0x2c c:/program files (x86)/atmel/studio/7.0/toolchain/arm/arm-gnu-toolchain/bin/../lib/gcc/arm-none-eabi/6.3.1/../../../../arm-none-eabi/lib/thumb/v6-m\libc.a(lib_a-exit.o)
 .text          0x00000000        0x0 c:/program files (x86)/atmel/studio/7.0/toolchain/arm/arm-gnu-toolchain/bin/../lib/gcc/arm-none-eabi/6.3.1/../../../../arm-none-eabi/lib/thumb/v6-m\libc.a(lib_a-impure.o)
 .data          0x00000000        0x0 c:/program files (x86)/atmel/studio/7.0/toolchain/arm/arm-gnu-toolchain/bin/../lib/gcc/arm-none-eabi/6.3.1/../../../../arm-none-eabi/lib/thumb/v6-m\libc.a(lib_a-impure.o)
 .bss           0x00000000        0x0 c:/program files (x86)/atmel/studio/7.0/toolchain/arm/arm-gnu-toolchain/bin/../lib/gcc/arm-none-eabi/6.3.1/../../../../arm-none-eabi/lib/thumb/v6-m\libc.a(lib_a-impure.o)
 .data._impure_ptr
                0x00000000        0x4 c:/program files (x86)/atmel/studio/7.0/toolchain/arm/arm-gnu-toolchain/bin/../lib/gcc/arm-none-eabi/6.3.1/../../../../arm-none-eabi/lib/thumb/v6-m\libc.a(lib_a-impure.o)
 .text          0x00000000        0x0 c:/program files (x86)/atmel/studio/7.0/toolchain/arm/arm-gnu-toolchain/bin/../lib/gcc/arm-none-eabi/6.3.1/../../../../arm-none-eabi/lib/thumb/v6-m\libc.a(lib_a-init.o)
 .data          0x00000000        0x0 c:/program files (x86)/atmel/studio/7.0/toolchain/arm/arm-gnu-toolchain/bin/../lib/gcc/arm-none-eabi/6.3.1/../../../../arm-none-eabi/lib/thumb/v6-m\libc.a(lib_a-init.o)
 .bss           0x00000000        0x0 c:/program files (x86)/atmel/studio/7.0/toolchain/arm/arm-gnu-toolchain/bin/../lib/gcc/arm-none-eabi/6.3.1/../../../../arm-none-eabi/lib/thumb/v6-m\libc.a(lib_a-init.o)
 .text          0x00000000        0x0 c:/program files (x86)/atmel/studio/7.0/toolchain/arm/arm-gnu-toolchain/bin/../lib/gcc/arm-none-eabi/6.3.1/../../../../arm-none-eabi/lib/thumb/v6-m\libc.a(lib_a-memcpy-stub.o)
 .data          0x00000000        0x0 c:/program files (x86)/atmel/studio/7.0/toolchain/arm/arm-gnu-toolchain/bin/../lib/gcc/arm-none-eabi/6.3.1/../../../../arm-none-eabi/lib/thumb/v6-m\libc.a(lib_a-memcpy-stub.o)
 .bss           0x00000000        0x0 c:/program files (x86)/atmel/studio/7.0/toolchain/arm/arm-gnu-toolchain/bin/../lib/gcc/arm-none-eabi/6.3.1/../../../../arm-none-eabi/lib/thumb/v6-m\libc.a(lib_a-memcpy-stub.o)
 .text          0x00000000        0x0 c:/program files (x86)/atmel/studio/7.0/toolchain/arm/arm-gnu-toolchain/bin/../lib/gcc/arm-none-eabi/6.3.1/../../../../arm-none-eabi/lib/thumb/v6-m\libc.a(lib_a-memset.o)
 .data          0x00000000        0x0 c:/program files (x86)/atmel/studio/7.0/toolchain/arm/arm-gnu-toolchain/bin/../lib/gcc/arm-none-eabi/6.3.1/../../../../arm-none-eabi/lib/thumb/v6-m\libc.a(lib_a-memset.o)
 .bss           0x00000000        0x0 c:/program files (x86)/atmel/studio/7.0/toolchain/arm/arm-gnu-toolchain/bin/../lib/gcc/arm-none-eabi/6.3.1/../../../../arm-none-eabi/lib/thumb/v6-m\libc.a(lib_a-memset.o)
 .text          0x00000000        0x0 c:/program files (x86)/atmel/studio/7.0/toolchain/arm/arm-gnu-toolchain/bin/../lib/gcc/arm-none-eabi/6.3.1/../../../../arm-none-eabi/lib/thumb/v6-m\libc.a(lib_a-__call_atexit.o)
 .data          0x00000000        0x0 c:/program files (x86)/atmel/studio/7.0/toolchain/arm/arm-gnu-toolchain/bin/../lib/gcc/arm-none-eabi/6.3.1/../../../../arm-none-eabi/lib/thumb/v6-m\libc.a(lib_a-__call_atexit.o)
 .bss           0x00000000        0x0 c:/program files (x86)/atmel/studio/7.0/toolchain/arm/arm-gnu-toolchain/bin/../lib/gcc/arm-none-eabi/6.3.1/../../../../arm-none-eabi/lib/thumb/v6-m\libc.a(lib_a-__call_atexit.o)
 .text.__call_exitprocs
                0x00000000      0x110 c:/program files (x86)/atmel/studio/7.0/toolchain/arm/arm-gnu-toolchain/bin/../lib/gcc/arm-none-eabi/6.3.1/../../../../arm-none-eabi/lib/thumb/v6-m\libc.a(lib_a-__call_atexit.o)
 .text          0x00000000        0x0 c:/program files (x86)/atmel/studio/7.0/toolchain/arm/arm-gnu-toolchain/bin/../lib/gcc/arm-none-eabi/6.3.1/../../../../arm-none-eabi/lib/thumb/v6-m\libc.a(lib_a-atexit.o)
 .data          0x00000000        0x0 c:/program files (x86)/atmel/studio/7.0/toolchain/arm/arm-gnu-toolchain/bin/../lib/gcc/arm-none-eabi/6.3.1/../../../../arm-none-eabi/lib/thumb/v6-m\libc.a(lib_a-atexit.o)
 .bss           0x00000000        0x0 c:/program files (x86)/atmel/studio/7.0/toolchain/arm/arm-gnu-toolchain/bin/../lib/gcc/arm-none-eabi/6.3.1/../../../../arm-none-eabi/lib/thumb/v6-m\libc.a(lib_a-atexit.o)
 .text          0x00000000        0x0 c:/program files (x86)/atmel/studio/7.0/toolchain/arm/arm-gnu-toolchain/bin/../lib/gcc/arm-none-eabi/6.3.1/../../../../arm-none-eabi/lib/thumb/v6-m\libc.a(lib_a-fini.o)
 .data          0x00000000        0x0 c:/program files (x86)/atmel/studio/7.0/toolchain/arm/arm-gnu-toolchain/bin/../lib/gcc/arm-none-eabi/6.3.1/../../../../arm-none-eabi/lib/thumb/v6-m\libc.a(lib_a-fini.o)
 .bss           0x00000000        0x0 c:/program files (x86)/atmel/studio/7.0/toolchain/arm/arm-gnu-toolchain/bin/../lib/gcc/arm-none-eabi/6.3.1/../../../../arm-none-eabi/lib/thumb/v6-m\libc.a(lib_a-fini.o)
 .text          0x00000000        0x0 c:/program files (x86)/atmel/studio/7.0/toolchain/arm/arm-gnu-toolchain/bin/../lib/gcc/arm-none-eabi/6.3.1/../../../../arm-none-eabi/lib/thumb/v6-m\libc.a(lib_a-lock.o)
 .data          0x00000000        0x0 c:/program files (x86)/atmel/studio/7.0/toolchain/arm/arm-gnu-toolchain/bin/../lib/gcc/arm-none-eabi/6.3.1/../../../../arm-none-eabi/lib/thumb/v6-m\libc.a(lib_a-lock.o)
 .bss           0x00000000        0x0 c:/program files (x86)/atmel/studio/7.0/toolchain/arm/arm-gnu-toolchain/bin/../lib/gcc/arm-none-eabi/6.3.1/../../../../arm-none-eabi/lib/thumb/v6-m\libc.a(lib_a-lock.o)
 .text.__retarget_lock_init
                0x00000000        0x4 c:/program files (x86)/atmel/studio/7.0/toolchain/arm/arm-gnu-toolchain/bin/../lib/gcc/arm-none-eabi/6.3.1/../../../../arm-none-eabi/lib/thumb/v6-m\libc.a(lib_a-lock.o)
 .text.__retarget_lock_init_recursive
                0x00000000        0x4 c:/program files (x86)/atmel/studio/7.0/toolchain/arm/arm-gnu-toolchain/bin/../lib/gcc/arm-none-eabi/6.3.1/../../../../arm-none-eabi/lib/thumb/v6-m\libc.a(lib_a-lock.o)
 .text.__retarget_lock_close
                0x00000000        0x4 c:/program files (x86)/atmel/studio/7.0/toolchain/arm/arm-gnu-toolchain/bin/../lib/gcc/arm-none-eabi/6.3.1/../../../../arm-none-eabi/lib/thumb/v6-m\libc.a(lib_a-lock.o)
 .text.__retarget_lock_close_recursive
                0x00000000        0x4 c:/program files (x86)/atmel/studio/7.0/toolchain/arm/arm-gnu-toolchain/bin/../lib/gcc/arm-none-eabi/6.3.1/../../../../arm-none-eabi/lib/thumb/v6-m\libc.a(lib_a-lock.o)
 .text.__retarget_lock_acquire
                0x00000000        0x4 c:/program files (x86)/atmel/studio/7.0/toolchain/arm/arm-gnu-toolchain/bin/../lib/gcc/arm-none-eabi/6.3.1/../../../../arm-none-eabi/lib/thumb/v6-m\libc.a(lib_a-lock.o)
 .text.__retarget_lock_try_acquire
                0x00000000        0x4 c:/program files (x86)/atmel/studio/7.0/toolchain/arm/arm-gnu-toolchain/bin/../lib/gcc/arm-none-eabi/6.3.1/../../../../arm-none-eabi/lib/thumb/v6-m\libc.a(lib_a-lock.o)
 .text.__retarget_lock_try_acquire_recursive
                0x00000000        0x4 c:/program files (x86)/atmel/studio/7.0/toolchain/arm/arm-gnu-toolchain/bin/../lib/gcc/arm-none-eabi/6.3.1/../../../../arm-none-eabi/lib/thumb/v6-m\libc.a(lib_a-lock.o)
 .text.__retarget_lock_release
                0x00000000        0x4 c:/program files (x86)/atmel/studio/7.0/toolchain/arm/arm-gnu-toolchain/bin/../lib/gcc/arm-none-eabi/6.3.1/../../../../arm-none-eabi/lib/thumb/v6-m\libc.a(lib_a-lock.o)
 .text          0x00000000        0x0 c:/program files (x86)/atmel/studio/7.0/toolchain/arm/arm-gnu-toolchain/bin/../lib/gcc/arm-none-eabi/6.3.1/../../../../arm-none-eabi/lib/thumb/v6-m\libc.a(lib_a-__atexit.o)
 .data          0x00000000        0x0 c:/program files (x86)/atmel/studio/7.0/toolchain/arm/arm-gnu-toolchain/bin/../lib/gcc/arm-none-eabi/6.3.1/../../../../arm-none-eabi/lib/thumb/v6-m\libc.a(lib_a-__atexit.o)
 .bss           0x00000000        0x0 c:/program files (x86)/atmel/studio/7.0/toolchain/arm/arm-gnu-toolchain/bin/../lib/gcc/arm-none-eabi/6.3.1/../../../../arm-none-eabi/lib/thumb/v6-m\libc.a(lib_a-__atexit.o)
 .text          0x00000000        0x0 c:/program files (x86)/atmel/studio/7.0/toolchain/arm/arm-gnu-toolchain/bin/../lib/gcc/arm-none-eabi/6.3.1/thumb/v6-m/crtend.o
 .data          0x00000000        0x0 c:/program files (x86)/atmel/studio/7.0/toolchain/arm/arm-gnu-toolchain/bin/../lib/gcc/arm-none-eabi/6.3.1/thumb/v6-m/crtend.o
 .bss           0x00000000        0x0 c:/program files (x86)/atmel/studio/7.0/toolchain/arm/arm-gnu-toolchain/bin/../lib/gcc/arm-none-eabi/6.3.1/thumb/v6-m/crtend.o
 .eh_frame      0x00000000        0x4 c:/program files (x86)/atmel/studio/7.0/toolchain/arm/arm-gnu-toolchain/bin/../lib/gcc/arm-none-eabi/6.3.1/thumb/v6-m/crtend.o
 .jcr           0x00000000        0x4 c:/program files (x86)/atmel/studio/7.0/toolchain/arm/arm-gnu-toolchain/bin/../lib/gcc/arm-none-eabi/6.3.1/thumb/v6-m/crtend.o
 .ARM.attributes
                0x00000000       0x2c c:/program files (x86)/atmel/studio/7.0/toolchain/arm/arm-gnu-toolchain/bin/../lib/gcc/arm-none-eabi/6.3.1/thumb/v6-m/crtend.o
 .text          0x00000000        0x0 c:/program files (x86)/atmel/studio/7.0/toolchain/arm/arm-gnu-toolchain/bin/../lib/gcc/arm-none-eabi/6.3.1/thumb/v6-m/crtn.o
 .data          0x00000000        0x0 c:/program files (x86)/atmel/studio/7.0/toolchain/arm/arm-gnu-toolchain/bin/../lib/gcc/arm-none-eabi/6.3.1/thumb/v6-m/crtn.o
 .bss           0x00000000        0x0 c:/program files (x86)/atmel/studio/7.0/toolchain/arm/arm-gnu-toolchain/bin/../lib/gcc/arm-none-eabi/6.3.1/thumb/v6-m/crtn.o

Memory Configuration

Name             Origin             Length             Attributes
rom              0x00000000         0x00020000         xr
ram              0x20000000         0x00004000         xrw
*default*        0x00000000         0xffffffff

Linker script and memory map

LOAD c:/program files (x86)/atmel/studio/7.0/toolchain/arm/arm-gnu-toolchain/bin/../lib/gcc/arm-none-eabi/6.3.1/thumb/v6-m/crti.o
LOAD c:/program files (x86)/atmel/studio/7.0/toolchain/arm/arm-gnu-toolchain/bin/../lib/gcc/arm-none-eabi/6.3.1/thumb/v6-m/crtbegin.o
LOAD c:/program files (x86)/atmel/studio/7.0/toolchain/arm/arm-gnu-toolchain/bin/../lib/gcc/arm-none-eabi/6.3.1/../../../../arm-none-eabi/lib/thumb/v6-m/crt0.o
LOAD colors.o
LOAD Commands/commands.o
LOAD Device_Startup/startup_samd21.o
LOAD Device_Startup/system_samd21.o
LOAD main.o
LOAD mathcore/mathcore_float.o
LOAD periph/buzzer.o
LOAD periph/clocks.o
LOAD periph/DMA.o
LOAD periph/gpio.o
LOAD periph/indicatorlights.o
LOAD periph/keymap.o
LOAD periph/keypad.o
LOAD periph/NeoPixel.o
LOAD periph/NXDisplay.o
LOAD periph/SPI.o
LOAD periph/SSDisplay.o
START GROUP
LOAD c:/program files (x86)/atmel/studio/7.0/toolchain/arm/arm-gnu-toolchain/bin/../lib/gcc/arm-none-eabi/6.3.1/../../../../arm-none-eabi/lib/thumb/v6-m\libm.a
END GROUP
START GROUP
LOAD c:/program files (x86)/atmel/studio/7.0/toolchain/arm/arm-gnu-toolchain/bin/../lib/gcc/arm-none-eabi/6.3.1/thumb/v6-m\libgcc.a
LOAD c:/program files (x86)/atmel/studio/7.0/toolchain/arm/arm-gnu-toolchain/bin/../lib/gcc/arm-none-eabi/6.3.1/../../../../arm-none-eabi/lib/thumb/v6-m\libc.a
END GROUP
LOAD c:/program files (x86)/atmel/studio/7.0/toolchain/arm/arm-gnu-toolchain/bin/../lib/gcc/arm-none-eabi/6.3.1/thumb/v6-m/crtend.o
LOAD c:/program files (x86)/atmel/studio/7.0/toolchain/arm/arm-gnu-toolchain/bin/../lib/gcc/arm-none-eabi/6.3.1/thumb/v6-m/crtn.o
                0x00001000                STACK_SIZE = DEFINED (STACK_SIZE)?STACK_SIZE:DEFINED (__stack_size__)?__stack_size__:0x1000

.text           0x00000000     0x46f4
                0x00000000                . = ALIGN (0x4)
                0x00000000                _sfixed = .
 *(.vectors .vectors.*)
 .vectors       0x00000000       0xb8 Device_Startup/startup_samd21.o
                0x00000000                exception_table
 *(.text .text.* .gnu.linkonce.t.*)
 .text          0x000000b8       0x60 c:/program files (x86)/atmel/studio/7.0/toolchain/arm/arm-gnu-toolchain/bin/../lib/gcc/arm-none-eabi/6.3.1/thumb/v6-m/crtbegin.o
 .text.binary_op_availableQ
                0x00000118        0x4 Commands/commands.o
 .text.unary_op_availableQ
                0x0000011c        0x4 Commands/commands.o
 .text.available_always
                0x00000120        0x4 Commands/commands.o
 .text.cmd_re_im_func
                0x00000124       0x2e Commands/commands.o
 .text.cmd_rec_pol_func
                0x00000152       0x2e Commands/commands.o
 .text.cmd_reint_drg_func
                0x00000180       0x2e Commands/commands.o
 .text.cmd_convert_drg_func
                0x000001ae       0x2e Commands/commands.o
 .text.cmd_clear_func
                0x000001dc       0x18 Commands/commands.o
 .text.cmd_clearall_func
                0x000001f4       0x18 Commands/commands.o
 .text.cmd_bksp_func
                0x0000020c       0x48 Commands/commands.o
 .text.cmd_chs_func
                0x00000254       0x20 Commands/commands.o
 .text.cmd_stdnumber
                0x00000274       0x38 Commands/commands.o
 .text.cmd_dp_func
                0x000002ac       0x56 Commands/commands.o
 *fill*         0x00000302        0x2 
 .text.cmd_add_func
                0x00000304       0x40 Commands/commands.o
 .text.cmd_sub_func
                0x00000344       0x40 Commands/commands.o
 .text.cmd_mul_func
                0x00000384       0x40 Commands/commands.o
 .text.cmd_div_func
                0x000003c4       0x40 Commands/commands.o
 .text.Dummy_Handler
                0x00000404        0x2 Device_Startup/startup_samd21.o
                0x00000404                SVCall_Handler
                0x00000404                HardFault_Handler
                0x00000404                AC_Handler
                0x00000404                PendSV_Handler
                0x00000404                TC7_Handler
                0x00000404                SERCOM1_Handler
                0x00000404                ADC_Handler
                0x00000404                NonMaskableInt_Handler
                0x00000404                TCC1_Handler
                0x00000404                SERCOM2_Handler
                0x00000404                TCC0_Handler
                0x00000404                RTC_Handler
                0x00000404                EIC_Handler
                0x00000404                TC6_Handler
                0x00000404                WDT_Handler
                0x00000404                TC4_Handler
                0x00000404                USB_Handler
                0x00000404                TC3_Handler
                0x00000404                Dummy_Handler
                0x00000404                PM_Handler
                0x00000404                SERCOM5_Handler
                0x00000404                TCC3_Handler
                0x00000404                TCC2_Handler
                0x00000404                EVSYS_Handler
                0x00000404                SERCOM3_Handler
                0x00000404                SERCOM4_Handler
                0x00000404                I2S_Handler
                0x00000404                NVMCTRL_Handler
                0x00000404                SERCOM0_Handler
                0x00000404                DAC_Handler
                0x00000404                PTC_Handler
                0x00000404                TC5_Handler
                0x00000404                SYSCTRL_Handler
 *fill*         0x00000406        0x2 
 .text.Reset_Handler
                0x00000408       0xc4 Device_Startup/startup_samd21.o
                0x00000408                Reset_Handler
 .text.SysTick_Handler
                0x000004cc       0x5c main.o
                0x000004cc                SysTick_Handler
 .text.GpioInit
                0x00000528       0x38 main.o
                0x00000528                GpioInit
 .text.enable_pwr
                0x00000560       0x14 main.o
                0x00000560                enable_pwr
 .text.LvPeripheralsInit
                0x00000574       0x38 main.o
                0x00000574                LvPeripheralsInit
 .text.HvPeripheralsInit
                0x000005ac       0x24 main.o
                0x000005ac                HvPeripheralsInit
 .text.normal_keypad_lighting
                0x000005d0       0xa4 main.o
                0x000005d0                normal_keypad_lighting
 .text.process_keypress
                0x00000674      0x114 main.o
                0x00000674                process_keypress
 .text.exec_cmd
                0x00000788       0x7c main.o
                0x00000788                exec_cmd
 .text.main     0x00000804       0xec main.o
                0x00000804                main
 .text.r_add    0x000008f0       0x1c mathcore/mathcore_float.o
                0x000008f0                r_add
 .text.r_sub    0x0000090c       0x1c mathcore/mathcore_float.o
                0x0000090c                r_sub
 .text.r_mul    0x00000928       0x1c mathcore/mathcore_float.o
                0x00000928                r_mul
 .text.r_div    0x00000944       0x48 mathcore/mathcore_float.o
                0x00000944                r_div
 .text.buzzer_init
                0x0000098c       0x80 periph/buzzer.o
                0x0000098c                buzzer_init
 .text.buzzer_tone_start
                0x00000a0c       0x44 periph/buzzer.o
                0x00000a0c                buzzer_tone_start
 .text.buzzer_timer_tick
                0x00000a50       0x30 periph/buzzer.o
                0x00000a50                buzzer_timer_tick
 .text.ClocksInit
                0x00000a80      0x110 periph/clocks.o
                0x00000a80                ClocksInit
 .text.DMA_init
                0x00000b90       0x64 periph/DMA.o
                0x00000b90                DMA_init
 .text.DMA_add_channel
                0x00000bf4       0x9c periph/DMA.o
                0x00000bf4                DMA_add_channel
 .text.DMA_enable
                0x00000c90       0x10 periph/DMA.o
                0x00000c90                DMA_enable
 .text.DMAC_Handler
                0x00000ca0       0x5c periph/DMA.o
                0x00000ca0                DMAC_Handler
 .text.gpio_set_pin
                0x00000cfc       0x4c periph/gpio.o
                0x00000cfc                gpio_set_pin
 .text.gpio_set_pin_dir
                0x00000d48       0x9c periph/gpio.o
                0x00000d48                gpio_set_pin_dir
 .text.gpio_set_pin_drvstr
                0x00000de4       0x28 periph/gpio.o
                0x00000de4                gpio_set_pin_drvstr
 .text.gpio_set_pin_pull
                0x00000e0c       0x64 periph/gpio.o
                0x00000e0c                gpio_set_pin_pull
 .text.gpio_read_pin
                0x00000e70       0x34 periph/gpio.o
                0x00000e70                gpio_read_pin
 .text.fplights_init
                0x00000ea4       0x50 periph/indicatorlights.o
                0x00000ea4                fplights_init
 .text.fplights_show
                0x00000ef4       0xec periph/indicatorlights.o
                0x00000ef4                fplights_show
 .text.re_im_key_color
                0x00000fe0       0xa8 periph/keymap.o
 .text.drg_key_color
                0x00001088       0x6c periph/keymap.o
 .text.shift_key_color
                0x000010f4       0x64 periph/keymap.o
 .text.hyp_key_color
                0x00001158       0x64 periph/keymap.o
 .text.standard_color
                0x000011bc      0x12c periph/keymap.o
                0x000011bc                standard_color
 .text.build_keymap
                0x000012e8      0x600 periph/keymap.o
                0x000012e8                build_keymap
 .text.keypad_scan_keys
                0x000018e8      0x110 periph/keypad.o
                0x000018e8                keypad_scan_keys
 .text.keypad_init
                0x000019f8       0x70 periph/keypad.o
                0x000019f8                keypad_init
 .text.NeoPixel_set_pixel
                0x00001a68       0x1c periph/NeoPixel.o
                0x00001a68                NeoPixel_set_pixel
 .text.NeoPixel_clear_pixels
                0x00001a84       0x18 periph/NeoPixel.o
                0x00001a84                NeoPixel_clear_pixels
 .text.NeoPixel_init
                0x00001a9c       0xbc periph/NeoPixel.o
                0x00001a9c                NeoPixel_init
 .text.NeoPixel_update
                0x00001b58       0x3c periph/NeoPixel.o
                0x00001b58                NeoPixel_update
 .text.NXDisplay_loadData
                0x00001b94       0x48 periph/NXDisplay.o
                0x00001b94                NXDisplay_loadData
 .text.NXDisplay_updateDisp
                0x00001bdc       0x58 periph/NXDisplay.o
                0x00001bdc                NXDisplay_updateDisp
 .text.NXDisplay_init
                0x00001c34       0x48 periph/NXDisplay.o
                0x00001c34                NXDisplay_init
 .text.NXDisplay_dispBuf
                0x00001c7c       0x8c periph/NXDisplay.o
                0x00001c7c                NXDisplay_dispBuf
 .text.ws2812_SPI_init
                0x00001d08       0xac periph/SPI.o
                0x00001d08                ws2812_SPI_init
 .text.nxdisp_SPI_init
                0x00001db4       0xc0 periph/SPI.o
                0x00001db4                nxdisp_SPI_init
 .text.SSD_updateDisp
                0x00001e74      0x12c periph/SSDisplay.o
                0x00001e74                SSD_updateDisp
 .text.SSDgpioInit
                0x00001fa0       0xb0 periph/SSDisplay.o
                0x00001fa0                SSDgpioInit
 .text.SSD_init
                0x00002050       0x30 periph/SSDisplay.o
                0x00002050                SSD_init
 .text          0x00002080      0x1d4 c:/program files (x86)/atmel/studio/7.0/toolchain/arm/arm-gnu-toolchain/bin/../lib/gcc/arm-none-eabi/6.3.1/thumb/v6-m\libgcc.a(_divsi3.o)
                0x00002080                __divsi3
                0x00002080                __aeabi_idiv
                0x0000224c                __aeabi_idivmod
 .text          0x00002254        0x4 c:/program files (x86)/atmel/studio/7.0/toolchain/arm/arm-gnu-toolchain/bin/../lib/gcc/arm-none-eabi/6.3.1/thumb/v6-m\libgcc.a(_dvmd_tls.o)
                0x00002254                __aeabi_idiv0
                0x00002254                __aeabi_ldiv0
 .text          0x00002258       0x7c c:/program files (x86)/atmel/studio/7.0/toolchain/arm/arm-gnu-toolchain/bin/../lib/gcc/arm-none-eabi/6.3.1/thumb/v6-m\libgcc.a(_arm_cmpdf2.o)
                0x00002258                __aeabi_cdrcmple
                0x00002268                __aeabi_cdcmple
                0x00002268                __aeabi_cdcmpeq
                0x00002278                __aeabi_dcmpeq
                0x00002284                __aeabi_dcmplt
                0x00002298                __aeabi_dcmple
                0x000022ac                __aeabi_dcmpgt
                0x000022c0                __aeabi_dcmpge
 .text          0x000022d4      0x620 c:/program files (x86)/atmel/studio/7.0/toolchain/arm/arm-gnu-toolchain/bin/../lib/gcc/arm-none-eabi/6.3.1/thumb/v6-m\libgcc.a(adddf3.o)
                0x000022d4                __aeabi_dadd
 .text          0x000028f4      0x668 c:/program files (x86)/atmel/studio/7.0/toolchain/arm/arm-gnu-toolchain/bin/../lib/gcc/arm-none-eabi/6.3.1/thumb/v6-m\libgcc.a(divdf3.o)
                0x000028f4                __aeabi_ddiv
 .text          0x00002f5c       0x74 c:/program files (x86)/atmel/studio/7.0/toolchain/arm/arm-gnu-toolchain/bin/../lib/gcc/arm-none-eabi/6.3.1/thumb/v6-m\libgcc.a(eqdf2.o)
                0x00002f5c                __nedf2
                0x00002f5c                __eqdf2
 .text          0x00002fd0       0xc8 c:/program files (x86)/atmel/studio/7.0/toolchain/arm/arm-gnu-toolchain/bin/../lib/gcc/arm-none-eabi/6.3.1/thumb/v6-m\libgcc.a(gedf2.o)
                0x00002fd0                __gedf2
                0x00002fd0                __gtdf2
 .text          0x00003098       0xc4 c:/program files (x86)/atmel/studio/7.0/toolchain/arm/arm-gnu-toolchain/bin/../lib/gcc/arm-none-eabi/6.3.1/thumb/v6-m\libgcc.a(ledf2.o)
                0x00003098                __ledf2
                0x00003098                __ltdf2
 .text          0x0000315c      0x500 c:/program files (x86)/atmel/studio/7.0/toolchain/arm/arm-gnu-toolchain/bin/../lib/gcc/arm-none-eabi/6.3.1/thumb/v6-m\libgcc.a(muldf3.o)
                0x0000315c                __aeabi_dmul
 .text          0x0000365c      0x62c c:/program files (x86)/atmel/studio/7.0/toolchain/arm/arm-gnu-toolchain/bin/../lib/gcc/arm-none-eabi/6.3.1/thumb/v6-m\libgcc.a(subdf3.o)
                0x0000365c                __aeabi_dsub
 .text          0x00003c88      0x114 c:/program files (x86)/atmel/studio/7.0/toolchain/arm/arm-gnu-toolchain/bin/../lib/gcc/arm-none-eabi/6.3.1/thumb/v6-m\libgcc.a(_udivsi3.o)
                0x00003c88                __aeabi_uidiv
                0x00003c88                __udivsi3
                0x00003d94                __aeabi_uidivmod
 .text          0x00003d9c       0x3c c:/program files (x86)/atmel/studio/7.0/toolchain/arm/arm-gnu-toolchain/bin/../lib/gcc/arm-none-eabi/6.3.1/thumb/v6-m\libgcc.a(_clzsi2.o)
                0x00003d9c                __clzsi2
 .text.__libc_init_array
                0x00003dd8       0x48 c:/program files (x86)/atmel/studio/7.0/toolchain/arm/arm-gnu-toolchain/bin/../lib/gcc/arm-none-eabi/6.3.1/../../../../arm-none-eabi/lib/thumb/v6-m\libc.a(lib_a-init.o)
                0x00003dd8                __libc_init_array
 .text.memcpy   0x00003e20       0x84 c:/program files (x86)/atmel/studio/7.0/toolchain/arm/arm-gnu-toolchain/bin/../lib/gcc/arm-none-eabi/6.3.1/../../../../arm-none-eabi/lib/thumb/v6-m\libc.a(lib_a-memcpy-stub.o)
                0x00003e20                memcpy
 .text.memset   0x00003ea4       0x94 c:/program files (x86)/atmel/studio/7.0/toolchain/arm/arm-gnu-toolchain/bin/../lib/gcc/arm-none-eabi/6.3.1/../../../../arm-none-eabi/lib/thumb/v6-m\libc.a(lib_a-memset.o)
                0x00003ea4                memset
 .text.startup.register_fini
                0x00003f38       0x18 c:/program files (x86)/atmel/studio/7.0/toolchain/arm/arm-gnu-toolchain/bin/../lib/gcc/arm-none-eabi/6.3.1/../../../../arm-none-eabi/lib/thumb/v6-m\libc.a(lib_a-__call_atexit.o)
 .text.atexit   0x00003f50       0x10 c:/program files (x86)/atmel/studio/7.0/toolchain/arm/arm-gnu-toolchain/bin/../lib/gcc/arm-none-eabi/6.3.1/../../../../arm-none-eabi/lib/thumb/v6-m\libc.a(lib_a-atexit.o)
                0x00003f50                atexit
 .text.__libc_fini_array
                0x00003f60       0x34 c:/program files (x86)/atmel/studio/7.0/toolchain/arm/arm-gnu-toolchain/bin/../lib/gcc/arm-none-eabi/6.3.1/../../../../arm-none-eabi/lib/thumb/v6-m\libc.a(lib_a-fini.o)
                0x00003f60                __libc_fini_array
 .text.__retarget_lock_acquire_recursive
                0x00003f94        0x4 c:/program files (x86)/atmel/studio/7.0/toolchain/arm/arm-gnu-toolchain/bin/../lib/gcc/arm-none-eabi/6.3.1/../../../../arm-none-eabi/lib/thumb/v6-m\libc.a(lib_a-lock.o)
                0x00003f94                __retarget_lock_acquire_recursive
 .text.__retarget_lock_release_recursive
                0x00003f98        0x4 c:/program files (x86)/atmel/studio/7.0/toolchain/arm/arm-gnu-toolchain/bin/../lib/gcc/arm-none-eabi/6.3.1/../../../../arm-none-eabi/lib/thumb/v6-m\libc.a(lib_a-lock.o)
                0x00003f98                __retarget_lock_release_recursive
 .text.__register_exitproc
                0x00003f9c       0xf4 c:/program files (x86)/atmel/studio/7.0/toolchain/arm/arm-gnu-toolchain/bin/../lib/gcc/arm-none-eabi/6.3.1/../../../../arm-none-eabi/lib/thumb/v6-m\libc.a(lib_a-__atexit.o)
                0x00003f9c                __register_exitproc
 *(.glue_7t)
 .glue_7t       0x00004090        0x0 linker stubs
 *(.glue_7)
 .glue_7        0x00004090        0x0 linker stubs
 *(.rodata .rodata* .gnu.linkonce.r.*)
 .rodata        0x00004090       0x3f colors.o
                0x00004090                color_drg_g
                0x00004094                color_drg_r
                0x00004098                color_drg_d
                0x0000409c                color_cplx_theta
                0x000040a0                color_cplx_r
                0x000040a4                color_cplx_im
                0x000040a8                color_cplx_re
                0x000040ac                color_shift_hyp_unavail
                0x000040b0                color_hyp_unavail
                0x000040b4                color_shift_unavail
                0x000040b8                color_normal_unavail
                0x000040bc                color_shift_hyp
                0x000040c0                color_hyp
                0x000040c4                color_shift
                0x000040c8                color_normal
                0x000040cc                color_off
 *fill*         0x000040cf        0x1 
 .rodata        0x000040d0       0x6c Commands/commands.o
                0x000040d0                cmd_decimal
                0x000040d4                cmd_9
                0x000040d8                cmd_8
                0x000040dc                cmd_7
                0x000040e0                cmd_6
                0x000040e4                cmd_5
                0x000040e8                cmd_4
                0x000040ec                cmd_3
                0x000040f0                cmd_2
                0x000040f4                cmd_1
                0x000040f8                cmd_0
                0x000040fc                cmd_asinh
                0x00004100                cmd_asin
                0x00004104                cmd_sinh
                0x00004108                cmd_sin
                0x0000410c                cmd_div
                0x00004110                cmd_mul
                0x00004114                cmd_sub
                0x00004118                cmd_add
                0x0000411c                cmd_chs
                0x00004120                cmd_bksp
                0x00004124                cmd_clearall
                0x00004128                cmd_clear
                0x0000412c                cmd_drg_convert
                0x00004130                cmd_drg_reint
                0x00004134                cmd_rec_pol
                0x00004138                cmd_re_im
 .rodata        0x0000413c       0xa8 periph/keymap.o
 .rodata        0x000041e4       0x68 periph/keypad.o
                0x000041e4                colPorts
                0x00004204                colPins
                0x00004224                rowPorts
                0x00004238                rowPins
 .rodata        0x0000424c      0x400 periph/NeoPixel.o
 .rodata        0x0000464c       0x40 c:/program files (x86)/atmel/studio/7.0/toolchain/arm/arm-gnu-toolchain/bin/../lib/gcc/arm-none-eabi/6.3.1/thumb/v6-m\libgcc.a(divdf3.o)
 .rodata        0x0000468c       0x40 c:/program files (x86)/atmel/studio/7.0/toolchain/arm/arm-gnu-toolchain/bin/../lib/gcc/arm-none-eabi/6.3.1/thumb/v6-m\libgcc.a(muldf3.o)
 .rodata._global_impure_ptr
                0x000046cc        0x4 c:/program files (x86)/atmel/studio/7.0/toolchain/arm/arm-gnu-toolchain/bin/../lib/gcc/arm-none-eabi/6.3.1/../../../../arm-none-eabi/lib/thumb/v6-m\libc.a(lib_a-impure.o)
                0x000046cc                _global_impure_ptr
 *(.ARM.extab* .gnu.linkonce.armextab.*)
                0x000046d0                . = ALIGN (0x4)
 *(.init)
 .init          0x000046d0        0x4 c:/program files (x86)/atmel/studio/7.0/toolchain/arm/arm-gnu-toolchain/bin/../lib/gcc/arm-none-eabi/6.3.1/thumb/v6-m/crti.o
                0x000046d0                _init
 .init          0x000046d4        0x8 c:/program files (x86)/atmel/studio/7.0/toolchain/arm/arm-gnu-toolchain/bin/../lib/gcc/arm-none-eabi/6.3.1/thumb/v6-m/crtn.o
                0x000046dc                . = ALIGN (0x4)
                0x000046dc                __preinit_array_start = .
 *(.preinit_array)
                0x000046dc                __preinit_array_end = .
                0x000046dc                . = ALIGN (0x4)
                0x000046dc                __init_array_start = .
 *(SORT(.init_array.*))
 .init_array.00000
                0x000046dc        0x4 c:/program files (x86)/atmel/studio/7.0/toolchain/arm/arm-gnu-toolchain/bin/../lib/gcc/arm-none-eabi/6.3.1/../../../../arm-none-eabi/lib/thumb/v6-m\libc.a(lib_a-__call_atexit.o)
 *(.init_array)
 .init_array    0x000046e0        0x4 c:/program files (x86)/atmel/studio/7.0/toolchain/arm/arm-gnu-toolchain/bin/../lib/gcc/arm-none-eabi/6.3.1/thumb/v6-m/crtbegin.o
                0x000046e4                __init_array_end = .
                0x000046e4                . = ALIGN (0x4)
 *crtbegin.o(.ctors)
 *(EXCLUDE_FILE(*crtend.o) .ctors)
 *(SORT(.ctors.*))
 *crtend.o(.ctors)
                0x000046e4                . = ALIGN (0x4)
 *(.fini)
 .fini          0x000046e4        0x4 c:/program files (x86)/atmel/studio/7.0/toolchain/arm/arm-gnu-toolchain/bin/../lib/gcc/arm-none-eabi/6.3.1/thumb/v6-m/crti.o
                0x000046e4                _fini
 .fini          0x000046e8        0x8 c:/program files (x86)/atmel/studio/7.0/toolchain/arm/arm-gnu-toolchain/bin/../lib/gcc/arm-none-eabi/6.3.1/thumb/v6-m/crtn.o
                0x000046f0                . = ALIGN (0x4)
                0x000046f0                __fini_array_start = .
 *(.fini_array)
 .fini_array    0x000046f0        0x4 c:/program files (x86)/atmel/studio/7.0/toolchain/arm/arm-gnu-toolchain/bin/../lib/gcc/arm-none-eabi/6.3.1/thumb/v6-m/crtbegin.o
 *(SORT(.fini_array.*))
                0x000046f4                __fini_array_end = .
 *crtbegin.o(.dtors)
 *(EXCLUDE_FILE(*crtend.o) .dtors)
 *(SORT(.dtors.*))
 *crtend.o(.dtors)
                0x000046f4                . = ALIGN (0x4)
                0x000046f4                _efixed = .
                [!provide]                PROVIDE (__exidx_start, .)

.vfp11_veneer   0x000046f4        0x0
 .vfp11_veneer  0x000046f4        0x0 linker stubs

.v4_bx          0x000046f4        0x0
 .v4_bx         0x000046f4        0x0 linker stubs

.iplt           0x000046f4        0x0
 .iplt          0x000046f4        0x0 c:/program files (x86)/atmel/studio/7.0/toolchain/arm/arm-gnu-toolchain/bin/../lib/gcc/arm-none-eabi/6.3.1/thumb/v6-m/crtbegin.o

.eh_frame       0x000046f4        0x0
 .eh_frame      0x000046f4        0x0 c:/program files (x86)/atmel/studio/7.0/toolchain/arm/arm-gnu-toolchain/bin/../lib/gcc/arm-none-eabi/6.3.1/thumb/v6-m/crtbegin.o

.rel.dyn        0x000046f4        0x0
 .rel.iplt      0x000046f4        0x0 c:/program files (x86)/atmel/studio/7.0/toolchain/arm/arm-gnu-toolchain/bin/../lib/gcc/arm-none-eabi/6.3.1/thumb/v6-m/crtbegin.o

.jcr            0x000046f4        0x0
 .jcr           0x000046f4        0x0 c:/program files (x86)/atmel/studio/7.0/toolchain/arm/arm-gnu-toolchain/bin/../lib/gcc/arm-none-eabi/6.3.1/thumb/v6-m/crtbegin.o

.igot.plt       0x000046f4        0x0
 .igot.plt      0x000046f4        0x0 c:/program files (x86)/atmel/studio/7.0/toolchain/arm/arm-gnu-toolchain/bin/../lib/gcc/arm-none-eabi/6.3.1/thumb/v6-m/crtbegin.o

.ARM.exidx
 *(.ARM.exidx* .gnu.linkonce.armexidx.*)
                [!provide]                PROVIDE (__exidx_end, .)
                0x000046f4                . = ALIGN (0x4)
                0x000046f4                _etext = .

.relocate       0x20000000      0x604 load address 0x000046f4
                0x20000000                . = ALIGN (0x4)
                0x20000000                _srelocate = .
 *(.ramfunc .ramfunc.*)
 *(.data .data.*)
 .data          0x20000000      0x1b0 Commands/commands.o
 .data          0x200001b0       0x24 main.o
                0x200001b0                nxconfig
                0x200001b4                sys_state
                0x200001cc                tone_bad_duration
                0x200001ce                tone_bad_freq
                0x200001d0                tone_good_duration
                0x200001d2                tone_good_freq
 *fill*         0x200001d4        0x4 
 .data.impure_data
                0x200001d8      0x428 c:/program files (x86)/atmel/studio/7.0/toolchain/arm/arm-gnu-toolchain/bin/../lib/gcc/arm-none-eabi/6.3.1/../../../../arm-none-eabi/lib/thumb/v6-m\libc.a(lib_a-impure.o)
 .data.__atexit_recursive_mutex
                0x20000600        0x4 c:/program files (x86)/atmel/studio/7.0/toolchain/arm/arm-gnu-toolchain/bin/../lib/gcc/arm-none-eabi/6.3.1/../../../../arm-none-eabi/lib/thumb/v6-m\libc.a(lib_a-__call_atexit.o)
                0x20000600                __atexit_recursive_mutex
                0x20000604                . = ALIGN (0x4)
                0x20000604                _erelocate = .

.bss            0x20000610      0x938 load address 0x00004d10
                0x20000610                . = ALIGN (0x4)
                0x20000610                _sbss = .
                0x20000610                _szero = .
 *(.bss .bss.*)
 .bss           0x20000610       0x1c c:/program files (x86)/atmel/studio/7.0/toolchain/arm/arm-gnu-toolchain/bin/../lib/gcc/arm-none-eabi/6.3.1/thumb/v6-m/crtbegin.o
 *fill*         0x2000062c        0x4 
 .bss           0x20000630      0x198 main.o
                0x20000640                calc_state
 .bss           0x200007c8        0x6 periph/buzzer.o
 *fill*         0x200007ce        0x2 
 .bss           0x200007d0       0x58 periph/DMA.o
                0x20000824                dma_frame
 .bss           0x20000828       0x10 periph/keypad.o
                0x20000828                keypad_inst
 .bss           0x20000838      0x1e7 periph/NeoPixel.o
 *fill*         0x20000a1f        0x1 
 .bss           0x20000a20       0x14 periph/NXDisplay.o
 .bss           0x20000a34        0x4 periph/SSDisplay.o
 *(COMMON)
 COMMON         0x20000a38      0x4ec main.o
                0x20000a38                cmd_pi
                0x20000a3c                cmd_root
                0x20000a40                cmd_cosh
                0x20000a44                cmd_alog
                0x20000a48                cmd_i
                0x20000a4c                cmd_e
                0x20000a50                cmd_exp
                0x20000a54                cmd_acos
                0x20000a58                cmd_ln
                0x20000a5c                cmd_cos
                0x20000a60                cmd_acosh
                0x20000a64                cmd_log
                0x20000a68                io_devices
                0x20000a98                cmd_atanh
                0x20000a9c                cmd_pow
                0x20000aa0                keypad_map
                0x20000f00                cmd_parallel
                0x20000f04                cmd_sqrt
                0x20000f08                cmd_abs
                0x20000f0c                cmd_atan
                0x20000f10                cmd_sqr
                0x20000f14                cmd_phasor
                0x20000f18                cmd_tan
                0x20000f1c                cmd_inv
                0x20000f20                cmd_tanh
 COMMON         0x20000f24       0x21 c:/program files (x86)/atmel/studio/7.0/toolchain/arm/arm-gnu-toolchain/bin/../lib/gcc/arm-none-eabi/6.3.1/../../../../arm-none-eabi/lib/thumb/v6-m\libc.a(lib_a-lock.o)
                0x20000f24                __lock___atexit_recursive_mutex
                0x20000f28                __lock___arc4random_mutex
                0x20000f2c                __lock___env_recursive_mutex
                0x20000f30                __lock___sinit_recursive_mutex
                0x20000f34                __lock___malloc_recursive_mutex
                0x20000f38                __lock___at_quick_exit_mutex
                0x20000f3c                __lock___dd_hash_mutex
                0x20000f40                __lock___tz_mutex
                0x20000f44                __lock___sfp_recursive_mutex
                0x20000f48                . = ALIGN (0x4)
 *fill*         0x20000f45        0x3 
                0x20000f48                _ebss = .
                0x20000f48                _ezero = .

.stack          0x20000f48     0x1000 load address 0x00005648
                0x20000f48                . = ALIGN (0x8)
                0x20000f48                _sstack = .
                0x20001f48                . = (. + STACK_SIZE)
 *fill*         0x20000f48     0x1000 
                0x20001f48                . = ALIGN (0x8)
                0x20001f48                _estack = .
                0x20001f48                . = ALIGN (0x4)
                0x20001f48                _end = .
OUTPUT(NixCalculator.elf elf32-littlearm)

.ARM.attributes
                0x00000000       0x28
 .ARM.attributes
                0x00000000       0x1e c:/program files (x86)/atmel/studio/7.0/toolchain/arm/arm-gnu-toolchain/bin/../lib/gcc/arm-none-eabi/6.3.1/thumb/v6-m/crti.o
 .ARM.attributes
                0x0000001e       0x2c c:/program files (x86)/atmel/studio/7.0/toolchain/arm/arm-gnu-toolchain/bin/../lib/gcc/arm-none-eabi/6.3.1/thumb/v6-m/crtbegin.o
 .ARM.attributes
                0x0000004a       0x32 colors.o
 .ARM.attributes
                0x0000007c       0x32 Commands/commands.o
 .ARM.attributes
                0x000000ae       0x32 Device_Startup/startup_samd21.o
 .ARM.attributes
                0x000000e0       0x32 main.o
 .ARM.attributes
                0x00000112       0x32 mathcore/mathcore_float.o
 .ARM.attributes
                0x00000144       0x32 periph/buzzer.o
 .ARM.attributes
                0x00000176       0x32 periph/clocks.o
 .ARM.attributes
                0x000001a8       0x32 periph/DMA.o
 .ARM.attributes
                0x000001da       0x32 periph/gpio.o
 .ARM.attributes
                0x0000020c       0x32 periph/indicatorlights.o
 .ARM.attributes
                0x0000023e       0x32 periph/keymap.o
 .ARM.attributes
                0x00000270       0x32 periph/keypad.o
 .ARM.attributes
                0x000002a2       0x32 periph/NeoPixel.o
 .ARM.attributes
                0x000002d4       0x32 periph/NXDisplay.o
 .ARM.attributes
                0x00000306       0x32 periph/SPI.o
 .ARM.attributes
                0x00000338       0x32 periph/SSDisplay.o
 .ARM.attributes
                0x0000036a       0x1e c:/program files (x86)/atmel/studio/7.0/toolchain/arm/arm-gnu-toolchain/bin/../lib/gcc/arm-none-eabi/6.3.1/thumb/v6-m\libgcc.a(_divsi3.o)
 .ARM.attributes
                0x00000388       0x1e c:/program files (x86)/atmel/studio/7.0/toolchain/arm/arm-gnu-toolchain/bin/../lib/gcc/arm-none-eabi/6.3.1/thumb/v6-m\libgcc.a(_dvmd_tls.o)
 .ARM.attributes
                0x000003a6       0x1e c:/program files (x86)/atmel/studio/7.0/toolchain/arm/arm-gnu-toolchain/bin/../lib/gcc/arm-none-eabi/6.3.1/thumb/v6-m\libgcc.a(_arm_cmpdf2.o)
 .ARM.attributes
                0x000003c4       0x2c c:/program files (x86)/atmel/studio/7.0/toolchain/arm/arm-gnu-toolchain/bin/../lib/gcc/arm-none-eabi/6.3.1/thumb/v6-m\libgcc.a(adddf3.o)
 .ARM.attributes
                0x000003f0       0x2c c:/program files (x86)/atmel/studio/7.0/toolchain/arm/arm-gnu-toolchain/bin/../lib/gcc/arm-none-eabi/6.3.1/thumb/v6-m\libgcc.a(divdf3.o)
 .ARM.attributes
                0x0000041c       0x2c c:/program files (x86)/atmel/studio/7.0/toolchain/arm/arm-gnu-toolchain/bin/../lib/gcc/arm-none-eabi/6.3.1/thumb/v6-m\libgcc.a(eqdf2.o)
 .ARM.attributes
                0x00000448       0x2c c:/program files (x86)/atmel/studio/7.0/toolchain/arm/arm-gnu-toolchain/bin/../lib/gcc/arm-none-eabi/6.3.1/thumb/v6-m\libgcc.a(gedf2.o)
 .ARM.attributes
                0x00000474       0x2c c:/program files (x86)/atmel/studio/7.0/toolchain/arm/arm-gnu-toolchain/bin/../lib/gcc/arm-none-eabi/6.3.1/thumb/v6-m\libgcc.a(ledf2.o)
 .ARM.attributes
                0x000004a0       0x2c c:/program files (x86)/atmel/studio/7.0/toolchain/arm/arm-gnu-toolchain/bin/../lib/gcc/arm-none-eabi/6.3.1/thumb/v6-m\libgcc.a(muldf3.o)
 .ARM.attributes
                0x000004cc       0x2c c:/program files (x86)/atmel/studio/7.0/toolchain/arm/arm-gnu-toolchain/bin/../lib/gcc/arm-none-eabi/6.3.1/thumb/v6-m\libgcc.a(subdf3.o)
 .ARM.attributes
                0x000004f8       0x1e c:/program files (x86)/atmel/studio/7.0/toolchain/arm/arm-gnu-toolchain/bin/../lib/gcc/arm-none-eabi/6.3.1/thumb/v6-m\libgcc.a(_udivsi3.o)
 .ARM.attributes
                0x00000516       0x1e c:/program files (x86)/atmel/studio/7.0/toolchain/arm/arm-gnu-toolchain/bin/../lib/gcc/arm-none-eabi/6.3.1/thumb/v6-m\libgcc.a(_clzsi2.o)
 .ARM.attributes
                0x00000534       0x2c c:/program files (x86)/atmel/studio/7.0/toolchain/arm/arm-gnu-toolchain/bin/../lib/gcc/arm-none-eabi/6.3.1/../../../../arm-none-eabi/lib/thumb/v6-m\libc.a(lib_a-impure.o)
 .ARM.attributes
                0x00000560       0x2c c:/program files (x86)/atmel/studio/7.0/toolchain/arm/arm-gnu-toolchain/bin/../lib/gcc/arm-none-eabi/6.3.1/../../../../arm-none-eabi/lib/thumb/v6-m\libc.a(lib_a-init.o)
 .ARM.attributes
                0x0000058c       0x2c c:/program files (x86)/atmel/studio/7.0/toolchain/arm/arm-gnu-toolchain/bin/../lib/gcc/arm-none-eabi/6.3.1/../../../../arm-none-eabi/lib/thumb/v6-m\libc.a(lib_a-memcpy-stub.o)
 .ARM.attributes
                0x000005b8       0x2c c:/program files (x86)/atmel/studio/7.0/toolchain/arm/arm-gnu-toolchain/bin/../lib/gcc/arm-none-eabi/6.3.1/../../../../arm-none-eabi/lib/thumb/v6-m\libc.a(lib_a-memset.o)
 .ARM.attributes
                0x000005e4       0x2c c:/program files (x86)/atmel/studio/7.0/toolchain/arm/arm-gnu-toolchain/bin/../lib/gcc/arm-none-eabi/6.3.1/../../../../arm-none-eabi/lib/thumb/v6-m\libc.a(lib_a-__call_atexit.o)
 .ARM.attributes
                0x00000610       0x2c c:/program files (x86)/atmel/studio/7.0/toolchain/arm/arm-gnu-toolchain/bin/../lib/gcc/arm-none-eabi/6.3.1/../../../../arm-none-eabi/lib/thumb/v6-m\libc.a(lib_a-atexit.o)
 .ARM.attributes
                0x0000063c       0x2c c:/program files (x86)/atmel/studio/7.0/toolchain/arm/arm-gnu-toolchain/bin/../lib/gcc/arm-none-eabi/6.3.1/../../../../arm-none-eabi/lib/thumb/v6-m\libc.a(lib_a-fini.o)
 .ARM.attributes
                0x00000668       0x2c c:/program files (x86)/atmel/studio/7.0/toolchain/arm/arm-gnu-toolchain/bin/../lib/gcc/arm-none-eabi/6.3.1/../../../../arm-none-eabi/lib/thumb/v6-m\libc.a(lib_a-lock.o)
 .ARM.attributes
                0x00000694       0x2c c:/program files (x86)/atmel/studio/7.0/toolchain/arm/arm-gnu-toolchain/bin/../lib/gcc/arm-none-eabi/6.3.1/../../../../arm-none-eabi/lib/thumb/v6-m\libc.a(lib_a-__atexit.o)
 .ARM.attributes
                0x000006c0       0x1e c:/program files (x86)/atmel/studio/7.0/toolchain/arm/arm-gnu-toolchain/bin/../lib/gcc/arm-none-eabi/6.3.1/thumb/v6-m/crtn.o

.comment        0x00000000       0x59
 .comment       0x00000000       0x59 colors.o
                                 0x5a (size before relaxing)
 .comment       0x00000059       0x5a Commands/commands.o
 .comment       0x00000059       0x5a Device_Startup/startup_samd21.o
 .comment       0x00000059       0x5a main.o
 .comment       0x00000059       0x5a mathcore/mathcore_float.o
 .comment       0x00000059       0x5a periph/buzzer.o
 .comment       0x00000059       0x5a periph/clocks.o
 .comment       0x00000059       0x5a periph/DMA.o
 .comment       0x00000059       0x5a periph/gpio.o
 .comment       0x00000059       0x5a periph/indicatorlights.o
 .comment       0x00000059       0x5a periph/keymap.o
 .comment       0x00000059       0x5a periph/keypad.o
 .comment       0x00000059       0x5a periph/NeoPixel.o
 .comment       0x00000059       0x5a periph/NXDisplay.o
 .comment       0x00000059       0x5a periph/SPI.o
 .comment       0x00000059       0x5a periph/SSDisplay.o

.debug_info     0x00000000    0x17807
 .debug_info    0x00000000      0x1fb colors.o
 .debug_info    0x000001fb      0xd32 Commands/commands.o
 .debug_info    0x00000f2d     0x3a4e Device_Startup/startup_samd21.o
 .debug_info    0x0000497b     0x1932 main.o
 .debug_info    0x000062ad      0x1a7 mathcore/mathcore_float.o
 .debug_info    0x00006454     0x1fdb periph/buzzer.o
 .debug_info    0x0000842f     0x21a6 periph/clocks.o
 .debug_info    0x0000a5d5     0x2920 periph/DMA.o
 .debug_info    0x0000cef5      0x877 periph/gpio.o
 .debug_info    0x0000d76c      0x503 periph/indicatorlights.o
 .debug_info    0x0000dc6f     0x12ac periph/keymap.o
 .debug_info    0x0000ef1b      0x3c2 periph/keypad.o
 .debug_info    0x0000f2dd     0x233a periph/NeoPixel.o
 .debug_info    0x00011617     0x2b9b periph/NXDisplay.o
 .debug_info    0x000141b2     0x2fc8 periph/SPI.o
 .debug_info    0x0001717a      0x68d periph/SSDisplay.o

.debug_abbrev   0x00000000     0x1cc9
 .debug_abbrev  0x00000000       0x67 colors.o
 .debug_abbrev  0x00000067      0x1bd Commands/commands.o
 .debug_abbrev  0x00000224      0x224 Device_Startup/startup_samd21.o
 .debug_abbrev  0x00000448      0x32a main.o
 .debug_abbrev  0x00000772       0xb6 mathcore/mathcore_float.o
 .debug_abbrev  0x00000828      0x1c4 periph/buzzer.o
 .debug_abbrev  0x000009ec      0x14d periph/clocks.o
 .debug_abbrev  0x00000b39      0x30b periph/DMA.o
 .debug_abbrev  0x00000e44      0x1d3 periph/gpio.o
 .debug_abbrev  0x00001017      0x14c periph/indicatorlights.o
 .debug_abbrev  0x00001163      0x1a9 periph/keymap.o
 .debug_abbrev  0x0000130c      0x173 periph/keypad.o
 .debug_abbrev  0x0000147f      0x25e periph/NeoPixel.o
 .debug_abbrev  0x000016dd      0x2e3 periph/NXDisplay.o
 .debug_abbrev  0x000019c0      0x18c periph/SPI.o
 .debug_abbrev  0x00001b4c      0x17d periph/SSDisplay.o

.debug_aranges  0x00000000      0x3e0
 .debug_aranges
                0x00000000       0x18 colors.o
 .debug_aranges
                0x00000018       0xa0 Commands/commands.o
 .debug_aranges
                0x000000b8       0x28 Device_Startup/startup_samd21.o
 .debug_aranges
                0x000000e0       0x70 main.o
 .debug_aranges
                0x00000150       0x38 mathcore/mathcore_float.o
 .debug_aranges
                0x00000188       0x30 periph/buzzer.o
 .debug_aranges
                0x000001b8       0x20 periph/clocks.o
 .debug_aranges
                0x000001d8       0x38 periph/DMA.o
 .debug_aranges
                0x00000210       0x48 periph/gpio.o
 .debug_aranges
                0x00000258       0x28 periph/indicatorlights.o
 .debug_aranges
                0x00000280       0x48 periph/keymap.o
 .debug_aranges
                0x000002c8       0x30 periph/keypad.o
 .debug_aranges
                0x000002f8       0x40 periph/NeoPixel.o
 .debug_aranges
                0x00000338       0x40 periph/NXDisplay.o
 .debug_aranges
                0x00000378       0x28 periph/SPI.o
 .debug_aranges
                0x000003a0       0x40 periph/SSDisplay.o

.debug_line     0x00000000     0x2a71
 .debug_line    0x00000000      0x117 colors.o
 .debug_line    0x00000117      0x325 Commands/commands.o
 .debug_line    0x0000043c      0x2d1 Device_Startup/startup_samd21.o
 .debug_line    0x0000070d      0x456 main.o
 .debug_line    0x00000b63       0x92 mathcore/mathcore_float.o
 .debug_line    0x00000bf5      0x26c periph/buzzer.o
 .debug_line    0x00000e61      0x28e periph/clocks.o
 .debug_line    0x000010ef      0x38a periph/DMA.o
 .debug_line    0x00001479      0x295 periph/gpio.o
 .debug_line    0x0000170e      0x240 periph/indicatorlights.o
 .debug_line    0x0000194e      0x356 periph/keymap.o
 .debug_line    0x00001ca4      0x237 periph/keypad.o
 .debug_line    0x00001edb      0x2e1 periph/NeoPixel.o
 .debug_line    0x000021bc      0x3cf periph/NXDisplay.o
 .debug_line    0x0000258b      0x25e periph/SPI.o
 .debug_line    0x000027e9      0x288 periph/SSDisplay.o

.debug_str      0x00000000     0x36d6
 .debug_str     0x00000000      0x250 colors.o
                                0x28c (size before relaxing)
 .debug_str     0x00000250      0x4cb Commands/commands.o
                                0x66d (size before relaxing)
 .debug_str     0x0000071b     0x10f2 Device_Startup/startup_samd21.o
                               0x137d (size before relaxing)
 .debug_str     0x0000180d      0x678 main.o
                                0xd71 (size before relaxing)
 .debug_str     0x00001e85       0x1d mathcore/mathcore_float.o
                                0x11c (size before relaxing)
 .debug_str     0x00001ea2      0x6c7 periph/buzzer.o
                                0x963 (size before relaxing)
 .debug_str     0x00002569      0x398 periph/clocks.o
                                0xa46 (size before relaxing)
 .debug_str     0x00002901      0x51c periph/DMA.o
                               0x1111 (size before relaxing)
 .debug_str     0x00002e1d       0x4c periph/gpio.o
                                0x3ac (size before relaxing)
 .debug_str     0x00002e69       0x23 periph/indicatorlights.o
                                0x363 (size before relaxing)
 .debug_str     0x00002e8c       0x56 periph/keymap.o
                                0x800 (size before relaxing)
 .debug_str     0x00002ee2       0x6a periph/keypad.o
                                0x2b0 (size before relaxing)
 .debug_str     0x00002f4c      0x695 periph/NeoPixel.o
                                0xa63 (size before relaxing)
 .debug_str     0x000035e1       0x80 periph/NXDisplay.o
                                0xdac (size before relaxing)
 .debug_str     0x00003661       0x10 periph/SPI.o
                                0xd03 (size before relaxing)
 .debug_str     0x00003671       0x65 periph/SSDisplay.o
                                0x2ac (size before relaxing)

.debug_loc      0x00000000     0x22cf
 .debug_loc     0x00000000      0x590 Commands/commands.o
 .debug_loc     0x00000590       0x78 Device_Startup/startup_samd21.o
 .debug_loc     0x00000608      0x596 main.o
 .debug_loc     0x00000b9e      0x265 mathcore/mathcore_float.o
 .debug_loc     0x00000e03       0x71 periph/buzzer.o
 .debug_loc     0x00000e74       0xc0 periph/DMA.o
 .debug_loc     0x00000f34      0x414 periph/gpio.o
 .debug_loc     0x00001348      0x136 periph/indicatorlights.o
 .debug_loc     0x0000147e      0x7bf periph/keymap.o
 .debug_loc     0x00001c3d      0x148 periph/keypad.o
 .debug_loc     0x00001d85      0x1be periph/NeoPixel.o
 .debug_loc     0x00001f43      0x27a periph/NXDisplay.o
 .debug_loc     0x000021bd       0x20 periph/SPI.o
 .debug_loc     0x000021dd       0xf2 periph/SSDisplay.o

.debug_ranges   0x00000000      0x3b0
 .debug_ranges  0x00000000       0x90 Commands/commands.o
 .debug_ranges  0x00000090       0x18 Device_Startup/startup_samd21.o
 .debug_ranges  0x000000a8       0xc0 main.o
 .debug_ranges  0x00000168       0x28 mathcore/mathcore_float.o
 .debug_ranges  0x00000190       0x20 periph/buzzer.o
 .debug_ranges  0x000001b0       0x10 periph/clocks.o
 .debug_ranges  0x000001c0       0x28 periph/DMA.o
 .debug_ranges  0x000001e8       0x38 periph/gpio.o
 .debug_ranges  0x00000220       0x30 periph/indicatorlights.o
 .debug_ranges  0x00000250       0x38 periph/keymap.o
 .debug_ranges  0x00000288       0x50 periph/keypad.o
 .debug_ranges  0x000002d8       0x30 periph/NeoPixel.o
 .debug_ranges  0x00000308       0x60 periph/NXDisplay.o
 .debug_ranges  0x00000368       0x18 periph/SPI.o
 .debug_ranges  0x00000380       0x30 periph/SSDisplay.o

.debug_frame    0x00000000      0xbc8
 .debug_frame   0x00000000      0x150 Commands/commands.o
 .debug_frame   0x00000150       0x40 Device_Startup/startup_samd21.o
 .debug_frame   0x00000190      0x118 main.o
 .debug_frame   0x000002a8       0x88 mathcore/mathcore_float.o
 .debug_frame   0x00000330       0x48 periph/buzzer.o
 .debug_frame   0x00000378       0x20 periph/clocks.o
 .debug_frame   0x00000398       0x68 periph/DMA.o
 .debug_frame   0x00000400       0x78 periph/gpio.o
 .debug_frame   0x00000478       0x44 periph/indicatorlights.o
 .debug_frame   0x000004bc       0xb4 periph/keymap.o
 .debug_frame   0x00000570       0x74 periph/keypad.o
 .debug_frame   0x000005e4       0x84 periph/NeoPixel.o
 .debug_frame   0x00000668       0xa4 periph/NXDisplay.o
 .debug_frame   0x0000070c       0x38 periph/SPI.o
 .debug_frame   0x00000744       0x90 periph/SSDisplay.o
 .debug_frame   0x000007d4       0x20 c:/program files (x86)/atmel/studio/7.0/toolchain/arm/arm-gnu-toolchain/bin/../lib/gcc/arm-none-eabi/6.3.1/thumb/v6-m\libgcc.a(_divsi3.o)
 .debug_frame   0x000007f4       0x3c c:/program files (x86)/atmel/studio/7.0/toolchain/arm/arm-gnu-toolchain/bin/../lib/gcc/arm-none-eabi/6.3.1/thumb/v6-m\libgcc.a(adddf3.o)
 .debug_frame   0x00000830       0x3c c:/program files (x86)/atmel/studio/7.0/toolchain/arm/arm-gnu-toolchain/bin/../lib/gcc/arm-none-eabi/6.3.1/thumb/v6-m\libgcc.a(divdf3.o)
 .debug_frame   0x0000086c       0x38 c:/program files (x86)/atmel/studio/7.0/toolchain/arm/arm-gnu-toolchain/bin/../lib/gcc/arm-none-eabi/6.3.1/thumb/v6-m\libgcc.a(eqdf2.o)
 .debug_frame   0x000008a4       0x38 c:/program files (x86)/atmel/studio/7.0/toolchain/arm/arm-gnu-toolchain/bin/../lib/gcc/arm-none-eabi/6.3.1/thumb/v6-m\libgcc.a(gedf2.o)
 .debug_frame   0x000008dc       0x38 c:/program files (x86)/atmel/studio/7.0/toolchain/arm/arm-gnu-toolchain/bin/../lib/gcc/arm-none-eabi/6.3.1/thumb/v6-m\libgcc.a(ledf2.o)
 .debug_frame   0x00000914       0x3c c:/program files (x86)/atmel/studio/7.0/toolchain/arm/arm-gnu-toolchain/bin/../lib/gcc/arm-none-eabi/6.3.1/thumb/v6-m\libgcc.a(muldf3.o)
 .debug_frame   0x00000950       0x38 c:/program files (x86)/atmel/studio/7.0/toolchain/arm/arm-gnu-toolchain/bin/../lib/gcc/arm-none-eabi/6.3.1/thumb/v6-m\libgcc.a(subdf3.o)
 .debug_frame   0x00000988       0x20 c:/program files (x86)/atmel/studio/7.0/toolchain/arm/arm-gnu-toolchain/bin/../lib/gcc/arm-none-eabi/6.3.1/thumb/v6-m\libgcc.a(_udivsi3.o)
 .debug_frame   0x000009a8       0x2c c:/program files (x86)/atmel/studio/7.0/toolchain/arm/arm-gnu-toolchain/bin/../lib/gcc/arm-none-eabi/6.3.1/../../../../arm-none-eabi/lib/thumb/v6-m\libc.a(lib_a-init.o)
 .debug_frame   0x000009d4       0x30 c:/program files (x86)/atmel/studio/7.0/toolchain/arm/arm-gnu-toolchain/bin/../lib/gcc/arm-none-eabi/6.3.1/../../../../arm-none-eabi/lib/thumb/v6-m\libc.a(lib_a-memcpy-stub.o)
 .debug_frame   0x00000a04       0x30 c:/program files (x86)/atmel/studio/7.0/toolchain/arm/arm-gnu-toolchain/bin/../lib/gcc/arm-none-eabi/6.3.1/../../../../arm-none-eabi/lib/thumb/v6-m\libc.a(lib_a-memset.o)
 .debug_frame   0x00000a34       0x54 c:/program files (x86)/atmel/studio/7.0/toolchain/arm/arm-gnu-toolchain/bin/../lib/gcc/arm-none-eabi/6.3.1/../../../../arm-none-eabi/lib/thumb/v6-m\libc.a(lib_a-__call_atexit.o)
 .debug_frame   0x00000a88       0x28 c:/program files (x86)/atmel/studio/7.0/toolchain/arm/arm-gnu-toolchain/bin/../lib/gcc/arm-none-eabi/6.3.1/../../../../arm-none-eabi/lib/thumb/v6-m\libc.a(lib_a-atexit.o)
 .debug_frame   0x00000ab0       0x2c c:/program files (x86)/atmel/studio/7.0/toolchain/arm/arm-gnu-toolchain/bin/../lib/gcc/arm-none-eabi/6.3.1/../../../../arm-none-eabi/lib/thumb/v6-m\libc.a(lib_a-fini.o)
 .debug_frame   0x00000adc       0xb0 c:/program files (x86)/atmel/studio/7.0/toolchain/arm/arm-gnu-toolchain/bin/../lib/gcc/arm-none-eabi/6.3.1/../../../../arm-none-eabi/lib/thumb/v6-m\libc.a(lib_a-lock.o)
 .debug_frame   0x00000b8c       0x3c c:/program files (x86)/atmel/studio/7.0/toolchain/arm/arm-gnu-toolchain/bin/../lib/gcc/arm-none-eabi/6.3.1/../../../../arm-none-eabi/lib/thumb/v6-m\libc.a(lib_a-__atexit.o)
